<html>
<body>
<pre>
<h1>礦ision Build Log</h1>
<h2>Tool Versions:</h2>
IDE-Version: μVision V5.36.0.0
Copyright (C) 2021 ARM Ltd and ARM Germany GmbH. All rights reserved.
License Information: 11 win, 11, LIC=TDAMJ-D6QZQ-0QZ0J-7DA1F-21WVS-ZDPY5
 
Tool Versions:
Toolchain:       MDK-ARM Community  Version: 5.36.0.0
Toolchain Path:  D:\Keil_v5\ARM\ARMCC\Bin
C Compiler:      Armcc.exe V5.06 update 7 (build 960)
Assembler:       Armasm.exe V5.06 update 7 (build 960)
Linker/Locator:  ArmLink.exe V5.06 update 7 (build 960)
Library Manager: ArmAr.exe V5.06 update 7 (build 960)
Hex Converter:   FromElf.exe V5.06 update 7 (build 960)
CPU DLL:         SARMCM3.DLL V5.36.0.0
Dialog DLL:      DCM.DLL V1.17.3.0
Target DLL:      CMSIS_AGDI.dll V1.33.0.0
Dialog DLL:      TCM.DLL V1.53.0.0
 
<h2>Project:</h2>
C:\Users\win\Desktop\资源包\开发板\资源包\04软件资料\代码例程-注释版\002库函数点灯\Project\GD32F450.uvprojx
Project File Date:  06/10/2022

<h2>Output:</h2>
*** Using Compiler 'V5.06 update 7 (build 960)', folder: 'D:\Keil_v5\ARM\ARMCC\Bin'
Build target 'GD32F450'
compiling main.c...
..\Hardware\led\bsp_led.h(14): warning:  #1-D: last line of file ends without a newline
  #endif /* BSP_LED_H */
..\User\main.c: 1 warning, 0 errors
compiling bsp_led.c...
..\Hardware\led\bsp_led.h(14): warning:  #1-D: last line of file ends without a newline
  #endif /* BSP_LED_H */
..\Hardware\led\bsp_led.c(18): warning:  #1-D: last line of file ends without a newline
  }
..\Hardware\led\bsp_led.c: 2 warnings, 0 errors
linking...
Program Size: Code=1024 RO-data=460 RW-data=8 ZI-data=1024  
FromELF: creating hex file...
".\Objects\GD32F450.axf" - 0 Error(s), 3 Warning(s).

<h2>Software Packages used:</h2>

Package Vendor: GigaDevice
                http://gd32mcu.com/data/documents/pack/GigaDevice.GD32F4xx_DFP.2.1.0.pack
                GigaDevice.GD32F4xx_DFP.2.1.0
                GigaDevice GD32F4xx Series Device Support and Examples

<h2>Collection of Component include folders:</h2>
  D:\Keil_v5\GigaDevice\GD32F4xx_DFP\2.1.0\Device\F4XX\Include

<h2>Collection of Component Files used:</h2>
Build Time Elapsed:  00:00:02
</pre>
</body>
</html>
