Component: ARM Compiler 5.06 update 7 (build 960) Tool: armlink [4d3601]

==============================================================================

Section Cross References

    systick.o(i.delay_1ms) refers to systick.o(.data) for delay
    systick.o(i.delay_decrement) refers to systick.o(.data) for delay
    systick.o(i.systick_config) refers to systick.o(i.NVIC_SetPriority) for NVIC_SetPriority
    systick.o(i.systick_config) refers to system_gd32f4xx.o(.data) for SystemCoreClock
    main.o(i.main) refers to gd32f4xx_misc.o(i.nvic_priority_group_set) for nvic_priority_group_set
    main.o(i.main) refers to systick.o(i.systick_config) for systick_config
    main.o(i.main) refers to bsp_led.o(i.led_gpio_config) for led_gpio_config
    main.o(i.main) refers to bsp_key.o(i.key_gpio_config) for key_gpio_config
    main.o(i.main) refers to bsp_usart.o(i.usart_gpio_config) for usart_gpio_config
    main.o(i.main) refers to printf3.o(i.__0printf$3) for __2printf
    main.o(i.main) refers to bsp_dma.o(i.dma_config) for dma_config
    main.o(i.main) refers to memseta.o(.text) for __aeabi_memclr
    main.o(i.main) refers to bsp_usart.o(.data) for g_recv_complete_flag
    main.o(i.main) refers to bsp_usart.o(.bss) for g_recv_buff
    gd32f4xx_it.o(i.SysTick_Handler) refers to systick.o(i.delay_decrement) for delay_decrement
    system_gd32f4xx.o(i.SystemCoreClockUpdate) refers to system_gd32f4xx.o(.data) for SystemCoreClock
    system_gd32f4xx.o(i.SystemInit) refers to system_gd32f4xx.o(i.system_clock_config) for system_clock_config
    system_gd32f4xx.o(i.system_clock_config) refers to system_gd32f4xx.o(i.system_clock_240m_25m_hxtal) for system_clock_240m_25m_hxtal
    startup_gd32f450_470.o(RESET) refers to startup_gd32f450_470.o(STACK) for __initial_sp
    startup_gd32f450_470.o(RESET) refers to startup_gd32f450_470.o(.text) for Reset_Handler
    startup_gd32f450_470.o(RESET) refers to gd32f4xx_it.o(i.NMI_Handler) for NMI_Handler
    startup_gd32f450_470.o(RESET) refers to gd32f4xx_it.o(i.HardFault_Handler) for HardFault_Handler
    startup_gd32f450_470.o(RESET) refers to gd32f4xx_it.o(i.MemManage_Handler) for MemManage_Handler
    startup_gd32f450_470.o(RESET) refers to gd32f4xx_it.o(i.BusFault_Handler) for BusFault_Handler
    startup_gd32f450_470.o(RESET) refers to gd32f4xx_it.o(i.UsageFault_Handler) for UsageFault_Handler
    startup_gd32f450_470.o(RESET) refers to gd32f4xx_it.o(i.SVC_Handler) for SVC_Handler
    startup_gd32f450_470.o(RESET) refers to gd32f4xx_it.o(i.DebugMon_Handler) for DebugMon_Handler
    startup_gd32f450_470.o(RESET) refers to gd32f4xx_it.o(i.PendSV_Handler) for PendSV_Handler
    startup_gd32f450_470.o(RESET) refers to gd32f4xx_it.o(i.SysTick_Handler) for SysTick_Handler
    startup_gd32f450_470.o(RESET) refers to bsp_key.o(i.EXTI0_IRQHandler) for EXTI0_IRQHandler
    startup_gd32f450_470.o(RESET) refers to bsp_usart.o(i.USART0_IRQHandler) for USART0_IRQHandler
    startup_gd32f450_470.o(RESET) refers to bsp_basic_timer.o(i.TIMER5_DAC_IRQHandler) for TIMER5_DAC_IRQHandler
    startup_gd32f450_470.o(RESET) refers to bsp_dma.o(i.DMA1_Channel2_IRQHandler) for DMA1_Channel2_IRQHandler
    startup_gd32f450_470.o(.text) refers to system_gd32f4xx.o(i.SystemInit) for SystemInit
    startup_gd32f450_470.o(.text) refers to entry.o(.ARM.Collect$$$$00000000) for __main
    bsp_led.o(i.led_gpio_config) refers to gd32f4xx_rcu.o(i.rcu_periph_clock_enable) for rcu_periph_clock_enable
    bsp_led.o(i.led_gpio_config) refers to gd32f4xx_gpio.o(i.gpio_mode_set) for gpio_mode_set
    bsp_led.o(i.led_gpio_config) refers to gd32f4xx_gpio.o(i.gpio_output_options_set) for gpio_output_options_set
    bsp_usart.o(i.USART0_IRQHandler) refers to gd32f4xx_usart.o(i.usart_interrupt_flag_get) for usart_interrupt_flag_get
    bsp_usart.o(i.USART0_IRQHandler) refers to gd32f4xx_usart.o(i.usart_data_receive) for usart_data_receive
    bsp_usart.o(i.USART0_IRQHandler) refers to gd32f4xx_dma.o(i.dma_transfer_number_get) for dma_transfer_number_get
    bsp_usart.o(i.USART0_IRQHandler) refers to gd32f4xx_dma.o(i.dma_channel_disable) for dma_channel_disable
    bsp_usart.o(i.USART0_IRQHandler) refers to bsp_dma.o(i.dma_config) for dma_config
    bsp_usart.o(i.USART0_IRQHandler) refers to bsp_usart.o(.data) for g_recv_length
    bsp_usart.o(i.USART0_IRQHandler) refers to bsp_usart.o(.bss) for g_recv_buff
    bsp_usart.o(i.fputc) refers to bsp_usart.o(i.usart_send_data) for usart_send_data
    bsp_usart.o(i.usart_gpio_config) refers to gd32f4xx_rcu.o(i.rcu_periph_clock_enable) for rcu_periph_clock_enable
    bsp_usart.o(i.usart_gpio_config) refers to gd32f4xx_gpio.o(i.gpio_af_set) for gpio_af_set
    bsp_usart.o(i.usart_gpio_config) refers to gd32f4xx_gpio.o(i.gpio_mode_set) for gpio_mode_set
    bsp_usart.o(i.usart_gpio_config) refers to gd32f4xx_gpio.o(i.gpio_output_options_set) for gpio_output_options_set
    bsp_usart.o(i.usart_gpio_config) refers to gd32f4xx_usart.o(i.usart_deinit) for usart_deinit
[...]
    printf1.o(i.__0snprintf$1) refers to printf1.o(i._printf_core) for _printf_core
    printf1.o(i.__0snprintf$1) refers to printf1.o(i._snputc) for _snputc
    printf1.o(i.__0sprintf$1) refers to printf1.o(i._printf_core) for _printf_core
    printf1.o(i.__0sprintf$1) refers to printf1.o(i._sputc) for _sputc
    printf1.o(i.__0vfprintf$1) refers to printf1.o(i._printf_core) for _printf_core
    printf1.o(i.__0vfprintf$1) refers to bsp_usart.o(i.fputc) for fputc
    printf1.o(i.__0vprintf$1) refers to printf1.o(i._printf_core) for _printf_core
    printf1.o(i.__0vprintf$1) refers to bsp_usart.o(i.fputc) for fputc
    printf1.o(i.__0vprintf$1) refers to stdout.o(.data) for __stdout
    printf1.o(i.__0vsnprintf$1) refers to printf1.o(i._printf_core) for _printf_core
    printf1.o(i.__0vsnprintf$1) refers to printf1.o(i._snputc) for _snputc
    printf1.o(i.__0vsprintf$1) refers to printf1.o(i._printf_core) for _printf_core
    printf1.o(i.__0vsprintf$1) refers to printf1.o(i._sputc) for _sputc
    printf1.o(i._printf_core) refers to uidiv.o(.text) for __aeabi_uidivmod
    printf2.o(i.__0fprintf$2) refers to printf2.o(i._printf_core) for _printf_core
    printf2.o(i.__0fprintf$2) refers to bsp_usart.o(i.fputc) for fputc
    printf2.o(i.__0printf$2) refers to printf2.o(i._printf_core) for _printf_core
    printf2.o(i.__0printf$2) refers to bsp_usart.o(i.fputc) for fputc
    printf2.o(i.__0printf$2) refers to stdout.o(.data) for __stdout
    printf2.o(i.__0snprintf$2) refers to printf2.o(i._printf_core) for _printf_core
    printf2.o(i.__0snprintf$2) refers to printf2.o(i._snputc) for _snputc
    printf2.o(i.__0sprintf$2) refers to printf2.o(i._printf_core) for _printf_core
    printf2.o(i.__0sprintf$2) refers to printf2.o(i._sputc) for _sputc
    printf2.o(i.__0vfprintf$2) refers to printf2.o(i._printf_core) for _printf_core
    printf2.o(i.__0vfprintf$2) refers to bsp_usart.o(i.fputc) for fputc
    printf2.o(i.__0vprintf$2) refers to printf2.o(i._printf_core) for _printf_core
    printf2.o(i.__0vprintf$2) refers to bsp_usart.o(i.fputc) for fputc
    printf2.o(i.__0vprintf$2) refers to stdout.o(.data) for __stdout
    printf2.o(i.__0vsnprintf$2) refers to printf2.o(i._printf_core) for _printf_core
    printf2.o(i.__0vsnprintf$2) refers to printf2.o(i._snputc) for _snputc
    printf2.o(i.__0vsprintf$2) refers to printf2.o(i._printf_core) for _printf_core
    printf2.o(i.__0vsprintf$2) refers to printf2.o(i._sputc) for _sputc
    printf3.o(i.__0fprintf$3) refers to printf3.o(i._printf_core) for _printf_core
    printf3.o(i.__0fprintf$3) refers to bsp_usart.o(i.fputc) for fputc
    printf3.o(i.__0printf$3) refers to printf3.o(i._printf_core) for _printf_core
    printf3.o(i.__0printf$3) refers to bsp_usart.o(i.fputc) for fputc
    printf3.o(i.__0printf$3) refers to stdout.o(.data) for __stdout
    printf3.o(i.__0snprintf$3) refers to printf3.o(i._printf_core) for _printf_core
    printf3.o(i.__0snprintf$3) refers to printf3.o(i._snputc) for _snputc
    printf3.o(i.__0sprintf$3) refers to printf3.o(i._printf_core) for _printf_core
    printf3.o(i.__0sprintf$3) refers to printf3.o(i._sputc) for _sputc
    printf3.o(i.__0vfprintf$3) refers to printf3.o(i._printf_core) for _printf_core
    printf3.o(i.__0vfprintf$3) refers to bsp_usart.o(i.fputc) for fputc
    printf3.o(i.__0vprintf$3) refers to printf3.o(i._printf_core) for _printf_core
    printf3.o(i.__0vprintf$3) refers to bsp_usart.o(i.fputc) for fputc
    printf3.o(i.__0vprintf$3) refers to stdout.o(.data) for __stdout
    printf3.o(i.__0vsnprintf$3) refers to printf3.o(i._printf_core) for _printf_core
    printf3.o(i.__0vsnprintf$3) refers to printf3.o(i._snputc) for _snputc
    printf3.o(i.__0vsprintf$3) refers to printf3.o(i._printf_core) for _printf_core
    printf3.o(i.__0vsprintf$3) refers to printf3.o(i._sputc) for _sputc
    printf3.o(i._printf_core) refers to uidiv.o(.text) for __aeabi_uidivmod
    printf4.o(i.__0fprintf$4) refers to printf4.o(i._printf_core) for _printf_core
    printf4.o(i.__0fprintf$4) refers to bsp_usart.o(i.fputc) for fputc
    printf4.o(i.__0printf$4) refers to printf4.o(i._printf_core) for _printf_core
    printf4.o(i.__0printf$4) refers to bsp_usart.o(i.fputc) for fputc
    printf4.o(i.__0printf$4) refers to stdout.o(.data) for __stdout
    printf4.o(i.__0snprintf$4) refers to printf4.o(i._printf_core) for _printf_core
    printf4.o(i.__0snprintf$4) refers to printf4.o(i._snputc) for _snputc
    printf4.o(i.__0sprintf$4) refers to printf4.o(i._printf_core) for _printf_core
    printf4.o(i.__0sprintf$4) refers to printf4.o(i._sputc) for _sputc
    printf4.o(i.__0vfprintf$4) refers to printf4.o(i._printf_core) for _printf_core
    printf4.o(i.__0vfprintf$4) refers to bsp_usart.o(i.fputc) for fputc
    printf4.o(i.__0vprintf$4) refers to printf4.o(i._printf_core) for _printf_core
    printf4.o(i.__0vprintf$4) refers to bsp_usart.o(i.fputc) for fputc
    printf4.o(i.__0vprintf$4) refers to stdout.o(.data) for __stdout
    printf4.o(i.__0vsnprintf$4) refers to printf4.o(i._printf_core) for _printf_core
    printf4.o(i.__0vsnprintf$4) refers to printf4.o(i._snputc) for _snputc
    printf4.o(i.__0vsprintf$4) refers to printf4.o(i._printf_core) for _printf_core
    printf4.o(i.__0vsprintf$4) refers to printf4.o(i._sputc) for _sputc
    printf4.o(i._printf_core) refers to uldiv.o(.text) for __aeabi_uldivmod
    printf5.o(i.__0fprintf$5) refers to printf5.o(i._printf_core) for _printf_core
    printf5.o(i.__0fprintf$5) refers to bsp_usart.o(i.fputc) for fputc
    printf5.o(i.__0printf$5) refers to printf5.o(i._printf_core) for _printf_core
    printf5.o(i.__0printf$5) refers to bsp_usart.o(i.fputc) for fputc
    printf5.o(i.__0printf$5) refers to stdout.o(.data) for __stdout
    printf5.o(i.__0snprintf$5) refers to printf5.o(i._printf_core) for _printf_core
    printf5.o(i.__0snprintf$5) refers to printf5.o(i._snputc) for _snputc
    printf5.o(i.__0sprintf$5) refers to printf5.o(i._printf_core) for _printf_core
    printf5.o(i.__0sprintf$5) refers to printf5.o(i._sputc) for _sputc
    printf5.o(i.__0vfprintf$5) refers to printf5.o(i._printf_core) for _printf_core
    printf5.o(i.__0vfprintf$5) refers to bsp_usart.o(i.fputc) for fputc
    printf5.o(i.__0vprintf$5) refers to printf5.o(i._printf_core) for _printf_core
    printf5.o(i.__0vprintf$5) refers to bsp_usart.o(i.fputc) for fputc
    printf5.o(i.__0vprintf$5) refers to stdout.o(.data) for __stdout
    printf5.o(i.__0vsnprintf$5) refers to printf5.o(i._printf_core) for _printf_core
    printf5.o(i.__0vsnprintf$5) refers to printf5.o(i._snputc) for _snputc
    printf5.o(i.__0vsprintf$5) refers to printf5.o(i._printf_core) for _printf_core
    printf5.o(i.__0vsprintf$5) refers to printf5.o(i._sputc) for _sputc
    printf5.o(i._printf_core) refers to uldiv.o(.text) for __aeabi_uldivmod
    printf6.o(i.__0fprintf$6) refers to printf6.o(i._printf_core) for _printf_core
    printf6.o(i.__0fprintf$6) refers to bsp_usart.o(i.fputc) for fputc
    printf6.o(i.__0printf$6) refers to printf6.o(i._printf_core) for _printf_core
    printf6.o(i.__0printf$6) refers to bsp_usart.o(i.fputc) for fputc
    printf6.o(i.__0printf$6) refers to stdout.o(.data) for __stdout
    printf6.o(i.__0snprintf$6) refers to printf6.o(i._printf_core) for _printf_core
    printf6.o(i.__0snprintf$6) refers to printf6.o(i._snputc) for _snputc
    printf6.o(i.__0sprintf$6) refers to printf6.o(i._printf_core) for _printf_core
    printf6.o(i.__0sprintf$6) refers to printf6.o(i._sputc) for _sputc
    printf6.o(i.__0vfprintf$6) refers to printf6.o(i._printf_core) for _printf_core
    printf6.o(i.__0vfprintf$6) refers to bsp_usart.o(i.fputc) for fputc
    printf6.o(i.__0vprintf$6) refers to printf6.o(i._printf_core) for _printf_core
    printf6.o(i.__0vprintf$6) refers to bsp_usart.o(i.fputc) for fputc
    printf6.o(i.__0vprintf$6) refers to stdout.o(.data) for __stdout
    printf6.o(i.__0vsnprintf$6) refers to printf6.o(i._printf_core) for _printf_core
    printf6.o(i.__0vsnprintf$6) refers to printf6.o(i._snputc) for _snputc
    printf6.o(i.__0vsprintf$6) refers to printf6.o(i._printf_core) for _printf_core
    printf6.o(i.__0vsprintf$6) refers to printf6.o(i._sputc) for _sputc
    printf6.o(i._printf_core) refers to printf6.o(i._printf_pre_padding) for _printf_pre_padding
    printf6.o(i._printf_core) refers to uidiv.o(.text) for __aeabi_uidivmod
    printf6.o(i._printf_core) refers to printf6.o(i._printf_post_padding) for _printf_post_padding
    printf7.o(i.__0fprintf$7) refers to printf7.o(i._printf_core) for _printf_core
    printf7.o(i.__0fprintf$7) refers to bsp_usart.o(i.fputc) for fputc
    printf7.o(i.__0printf$7) refers to printf7.o(i._printf_core) for _printf_core
    printf7.o(i.__0printf$7) refers to bsp_usart.o(i.fputc) for fputc
    printf7.o(i.__0printf$7) refers to stdout.o(.data) for __stdout
    printf7.o(i.__0snprintf$7) refers to printf7.o(i._printf_core) for _printf_core
    printf7.o(i.__0snprintf$7) refers to printf7.o(i._snputc) for _snputc
    printf7.o(i.__0sprintf$7) refers to printf7.o(i._printf_core) for _printf_core
    printf7.o(i.__0sprintf$7) refers to printf7.o(i._sputc) for _sputc
    printf7.o(i.__0vfprintf$7) refers to printf7.o(i._printf_core) for _printf_core
    printf7.o(i.__0vfprintf$7) refers to bsp_usart.o(i.fputc) for fputc
    printf7.o(i.__0vprintf$7) refers to printf7.o(i._printf_core) for _printf_core
    printf7.o(i.__0vprintf$7) refers to bsp_usart.o(i.fputc) for fputc
    printf7.o(i.__0vprintf$7) refers to stdout.o(.data) for __stdout
    printf7.o(i.__0vsnprintf$7) refers to printf7.o(i._printf_core) for _printf_core
    printf7.o(i.__0vsnprintf$7) refers to printf7.o(i._snputc) for _snputc
    printf7.o(i.__0vsprintf$7) refers to printf7.o(i._printf_core) for _printf_core
    printf7.o(i.__0vsprintf$7) refers to printf7.o(i._sputc) for _sputc
    printf7.o(i._printf_core) refers to printf7.o(i._printf_pre_padding) for _printf_pre_padding
    printf7.o(i._printf_core) refers to uldiv.o(.text) for __aeabi_uldivmod
    printf7.o(i._printf_core) refers to printf7.o(i._printf_post_padding) for _printf_post_padding
    printf8.o(i.__0fprintf$8) refers to printf8.o(i._printf_core) for _printf_core
    printf8.o(i.__0fprintf$8) refers to bsp_usart.o(i.fputc) for fputc
    printf8.o(i.__0printf$8) refers to printf8.o(i._printf_core) for _printf_core
    printf8.o(i.__0printf$8) refers to bsp_usart.o(i.fputc) for fputc
    printf8.o(i.__0printf$8) refers to stdout.o(.data) for __stdout
    printf8.o(i.__0snprintf$8) refers to printf8.o(i._printf_core) for _printf_core
    printf8.o(i.__0snprintf$8) refers to printf8.o(i._snputc) for _snputc
    printf8.o(i.__0sprintf$8) refers to printf8.o(i._printf_core) for _printf_core
    printf8.o(i.__0sprintf$8) refers to printf8.o(i._sputc) for _sputc
    printf8.o(i.__0vfprintf$8) refers to printf8.o(i._printf_core) for _printf_core
    printf8.o(i.__0vfprintf$8) refers to bsp_usart.o(i.fputc) for fputc
    printf8.o(i.__0vprintf$8) refers to printf8.o(i._printf_core) for _printf_core
    printf8.o(i.__0vprintf$8) refers to bsp_usart.o(i.fputc) for fputc
    printf8.o(i.__0vprintf$8) refers to stdout.o(.data) for __stdout
    printf8.o(i.__0vsnprintf$8) refers to printf8.o(i._printf_core) for _printf_core
    printf8.o(i.__0vsnprintf$8) refers to printf8.o(i._snputc) for _snputc
    printf8.o(i.__0vsprintf$8) refers to printf8.o(i._printf_core) for _printf_core
    printf8.o(i.__0vsprintf$8) refers to printf8.o(i._sputc) for _sputc
    printf8.o(i._printf_core) refers to printf8.o(i._printf_pre_padding) for _printf_pre_padding
    printf8.o(i._printf_core) refers to uldiv.o(.text) for __aeabi_uldivmod
    printf8.o(i._printf_core) refers to printf8.o(i._printf_post_padding) for _printf_post_padding
    printfa.o(i.__0fprintf) refers (Special) to iusefp.o(.text) for __I$use$fp
    printfa.o(i.__0fprintf) refers to printfa.o(i._printf_core) for _printf_core
    printfa.o(i.__0fprintf) refers to bsp_usart.o(i.fputc) for fputc
    printfa.o(i.__0printf) refers (Special) to iusefp.o(.text) for __I$use$fp
    printfa.o(i.__0printf) refers to printfa.o(i._printf_core) for _printf_core
    printfa.o(i.__0printf) refers to bsp_usart.o(i.fputc) for fputc
    printfa.o(i.__0printf) refers to stdout.o(.data) for __stdout
    printfa.o(i.__0snprintf) refers (Special) to iusefp.o(.text) for __I$use$fp
    printfa.o(i.__0snprintf) refers to printfa.o(i._printf_core) for _printf_core
    printfa.o(i.__0snprintf) refers to printfa.o(i._snputc) for _snputc
    printfa.o(i.__0sprintf) refers (Special) to iusefp.o(.text) for __I$use$fp
    printfa.o(i.__0sprintf) refers to printfa.o(i._printf_core) for _printf_core
    printfa.o(i.__0sprintf) refers to printfa.o(i._sputc) for _sputc
    printfa.o(i.__0vfprintf) refers (Special) to iusefp.o(.text) for __I$use$fp
    printfa.o(i.__0vfprintf) refers to printfa.o(i._printf_core) for _printf_core
    printfa.o(i.__0vfprintf) refers to bsp_usart.o(i.fputc) for fputc
    printfa.o(i.__0vprintf) refers (Special) to iusefp.o(.text) for __I$use$fp
    printfa.o(i.__0vprintf) refers to printfa.o(i._printf_core) for _printf_core
    printfa.o(i.__0vprintf) refers to bsp_usart.o(i.fputc) for fputc
    printfa.o(i.__0vprintf) refers to stdout.o(.data) for __stdout
    printfa.o(i.__0vsnprintf) refers (Special) to iusefp.o(.text) for __I$use$fp
    printfa.o(i.__0vsnprintf) refers to printfa.o(i._printf_core) for _printf_core
    printfa.o(i.__0vsnprintf) refers to printfa.o(i._snputc) for _snputc
    printfa.o(i.__0vsprintf) refers (Special) to iusefp.o(.text) for __I$use$fp
    printfa.o(i.__0vsprintf) refers to printfa.o(i._printf_core) for _printf_core
    printfa.o(i.__0vsprintf) refers to printfa.o(i._sputc) for _sputc
    printfa.o(i._fp_digits) refers (Special) to iusefp.o(.text) for __I$use$fp
    printfa.o(i._fp_digits) refers to dmul.o(.text) for __aeabi_dmul
    printfa.o(i._fp_digits) refers to ddiv.o(.text) for __aeabi_ddiv
    printfa.o(i._fp_digits) refers to cdrcmple.o(.text) for __aeabi_cdrcmple
    printfa.o(i._fp_digits) refers to dadd.o(.text) for __aeabi_dadd
    printfa.o(i._fp_digits) refers to dfixul.o(.text) for __aeabi_d2ulz
    printfa.o(i._fp_digits) refers to uldiv.o(.text) for __aeabi_uldivmod
    printfa.o(i._printf_core) refers (Special) to iusefp.o(.text) for __I$use$fp
    printfa.o(i._printf_core) refers to printfa.o(i._printf_pre_padding) for _printf_pre_padding
    printfa.o(i._printf_core) refers to uldiv.o(.text) for __aeabi_uldivmod
    printfa.o(i._printf_core) refers to printfa.o(i._printf_post_padding) for _printf_post_padding
    printfa.o(i._printf_core) refers to printfa.o(i._fp_digits) for _fp_digits
    printfa.o(i._printf_core) refers to uidiv.o(.text) for __aeabi_uidivmod
    printfa.o(i._printf_post_padding) refers (Special) to iusefp.o(.text) for __I$use$fp
    printfa.o(i._printf_pre_padding) refers (Special) to iusefp.o(.text) for __I$use$fp
    printfa.o(i._snputc) refers (Special) to iusefp.o(.text) for __I$use$fp
    printfa.o(i._sputc) refers (Special) to iusefp.o(.text) for __I$use$fp
    entry2.o(.ARM.Collect$$$$00000001) refers to entry2.o(.ARM.Collect$$$$00002712) for __lit__00000000
    entry2.o(.ARM.Collect$$$$00002712) refers to startup_gd32f450_470.o(STACK) for __initial_sp
    entry2.o(__vectab_stack_and_reset_area) refers to startup_gd32f450_470.o(STACK) for __initial_sp
    entry2.o(__vectab_stack_and_reset_area) refers to entry.o(.ARM.Collect$$$$00000000) for __main
    entry5.o(.ARM.Collect$$$$00000004) refers to init.o(.text) for __scatterload
    entry9a.o(.ARM.Collect$$$$0000000B) refers to main.o(i.main) for main
    entry9b.o(.ARM.Collect$$$$0000000C) refers to main.o(i.main) for main
    uldiv.o(.text) refers to llushr.o(.text) for __aeabi_llsr
    uldiv.o(.text) refers to llshl.o(.text) for __aeabi_llsl
    dadd.o(.text) refers to llshl.o(.text) for __aeabi_llsl
    dadd.o(.text) refers to llsshr.o(.text) for __aeabi_lasr
    dadd.o(.text) refers to depilogue.o(.text) for _double_epilogue
    dmul.o(.text) refers to depilogue.o(.text) for _double_epilogue
    ddiv.o(.text) refers to depilogue.o(.text) for _double_round
    dfixul.o(.text) refers to llushr.o(.text) for __aeabi_llsr
    dfixul.o(.text) refers to llshl.o(.text) for __aeabi_llsl
    init.o(.text) refers to entry5.o(.ARM.Collect$$$$00000004) for __main_after_scatterload
    depilogue.o(.text) refers to llshl.o(.text) for __aeabi_llsl
    depilogue.o(.text) refers to llushr.o(.text) for __aeabi_llsr


==============================================================================

Removing Unused input sections from the image.

    Removing systick.o(.rev16_text), (4 bytes).
    Removing systick.o(.revsh_text), (4 bytes).
    Removing systick.o(i.delay_1ms), (20 bytes).
    Removing main.o(.rev16_text), (4 bytes).
    Removing main.o(.revsh_text), (4 bytes).
    Removing gd32f4xx_it.o(.rev16_text), (4 bytes).
    Removing gd32f4xx_it.o(.revsh_text), (4 bytes).
    Removing sys.o(.rev16_text), (4 bytes).
    Removing sys.o(.revsh_text), (4 bytes).
    Removing system_gd32f4xx.o(.rev16_text), (4 bytes).
    Removing system_gd32f4xx.o(.revsh_text), (4 bytes).
    Removing system_gd32f4xx.o(i.SystemCoreClockUpdate), (272 bytes).
    Removing startup_gd32f450_470.o(HEAP), (1024 bytes).
    Removing bsp_led.o(.rev16_text), (4 bytes).
    Removing bsp_led.o(.revsh_text), (4 bytes).
    Removing bsp_usart.o(.rev16_text), (4 bytes).
    Removing bsp_usart.o(.revsh_text), (4 bytes).
    Removing bsp_usart.o(i.usart_send_string), (24 bytes).
    Removing bsp_key.o(.rev16_text), (4 bytes).
    Removing bsp_key.o(.revsh_text), (4 bytes).
    Removing bsp_key.o(i.key_scan), (108 bytes).
    Removing bsp_basic_timer.o(.rev16_text), (4 bytes).
    Removing bsp_basic_timer.o(.revsh_text), (4 bytes).
    Removing bsp_basic_timer.o(i.basic_timer_config), (100 bytes).
    Removing bsp_pwm.o(.rev16_text), (4 bytes).
    Removing bsp_pwm.o(.revsh_text), (4 bytes).
    Removing bsp_pwm.o(i.pwm_breathing_lamp), (96 bytes).
    Removing bsp_pwm.o(i.pwm_config), (156 bytes).
    Removing bsp_pwm.o(i.pwm_gpio_config), (52 bytes).
    Removing bsp_pwm.o(.data), (4 bytes).
    Removing bsp_dma.o(.rev16_text), (4 bytes).
    Removing bsp_dma.o(.revsh_text), (4 bytes).
    Removing gd32f4xx_gpio.o(.rev16_text), (4 bytes).
    Removing gd32f4xx_gpio.o(.revsh_text), (4 bytes).
    Removing gd32f4xx_gpio.o(i.gpio_bit_reset), (4 bytes).
    Removing gd32f4xx_gpio.o(i.gpio_bit_set), (4 bytes).
    Removing gd32f4xx_gpio.o(i.gpio_bit_write), (10 bytes).
    Removing gd32f4xx_gpio.o(i.gpio_deinit), (206 bytes).
    Removing gd32f4xx_gpio.o(i.gpio_input_port_get), (8 bytes).
    Removing gd32f4xx_gpio.o(i.gpio_output_bit_get), (16 bytes).
    Removing gd32f4xx_gpio.o(i.gpio_output_port_get), (8 bytes).
    Removing gd32f4xx_gpio.o(i.gpio_pin_lock), (18 bytes).
    Removing gd32f4xx_gpio.o(i.gpio_port_toggle), (8 bytes).
    Removing gd32f4xx_gpio.o(i.gpio_port_write), (4 bytes).
    Removing gd32f4xx_rcu.o(.rev16_text), (4 bytes).
    Removing gd32f4xx_rcu.o(.revsh_text), (4 bytes).
    Removing gd32f4xx_rcu.o(i.rcu_ahb_clock_config), (24 bytes).
    Removing gd32f4xx_rcu.o(i.rcu_all_reset_flag_clear), (20 bytes).
    Removing gd32f4xx_rcu.o(i.rcu_apb1_clock_config), (24 bytes).
    Removing gd32f4xx_rcu.o(i.rcu_apb2_clock_config), (24 bytes).
    Removing gd32f4xx_rcu.o(i.rcu_bkp_reset_disable), (20 bytes).
    Removing gd32f4xx_rcu.o(i.rcu_bkp_reset_enable), (20 bytes).
    Removing gd32f4xx_rcu.o(i.rcu_ck48m_clock_config), (24 bytes).
    Removing gd32f4xx_rcu.o(i.rcu_ckout0_config), (28 bytes).
    Removing gd32f4xx_rcu.o(i.rcu_ckout1_config), (28 bytes).
    Removing gd32f4xx_rcu.o(i.rcu_deepsleep_voltage_set), (16 bytes).
    Removing gd32f4xx_rcu.o(i.rcu_deinit), (140 bytes).
    Removing gd32f4xx_rcu.o(i.rcu_flag_get), (36 bytes).
    Removing gd32f4xx_rcu.o(i.rcu_hxtal_clock_monitor_disable), (20 bytes).
    Removing gd32f4xx_rcu.o(i.rcu_hxtal_clock_monitor_enable), (20 bytes).
    Removing gd32f4xx_rcu.o(i.rcu_i2s_clock_config), (24 bytes).
    Removing gd32f4xx_rcu.o(i.rcu_interrupt_disable), (36 bytes).
    Removing gd32f4xx_rcu.o(i.rcu_interrupt_enable), (36 bytes).
    Removing gd32f4xx_rcu.o(i.rcu_interrupt_flag_clear), (36 bytes).
    Removing gd32f4xx_rcu.o(i.rcu_interrupt_flag_get), (36 bytes).
    Removing gd32f4xx_rcu.o(i.rcu_irc16m_adjust_value_set), (28 bytes).
    Removing gd32f4xx_rcu.o(i.rcu_lxtal_drive_capability_config), (24 bytes).
    Removing gd32f4xx_rcu.o(i.rcu_osci_bypass_mode_disable), (116 bytes).
    Removing gd32f4xx_rcu.o(i.rcu_osci_bypass_mode_enable), (116 bytes).
    Removing gd32f4xx_rcu.o(i.rcu_osci_off), (36 bytes).
    Removing gd32f4xx_rcu.o(i.rcu_osci_on), (36 bytes).
    Removing gd32f4xx_rcu.o(i.rcu_osci_stab_wait), (348 bytes).
    Removing gd32f4xx_rcu.o(i.rcu_periph_clock_disable), (36 bytes).
    Removing gd32f4xx_rcu.o(i.rcu_periph_clock_sleep_disable), (36 bytes).
    Removing gd32f4xx_rcu.o(i.rcu_periph_clock_sleep_enable), (36 bytes).
    Removing gd32f4xx_rcu.o(i.rcu_pll48m_clock_config), (24 bytes).
    Removing gd32f4xx_rcu.o(i.rcu_pll_config), (132 bytes).
    Removing gd32f4xx_rcu.o(i.rcu_plli2s_config), (44 bytes).
    Removing gd32f4xx_rcu.o(i.rcu_pllsai_config), (72 bytes).
    Removing gd32f4xx_rcu.o(i.rcu_rtc_clock_config), (24 bytes).
    Removing gd32f4xx_rcu.o(i.rcu_rtc_div_config), (24 bytes).
    Removing gd32f4xx_rcu.o(i.rcu_spread_spectrum_config), (32 bytes).
    Removing gd32f4xx_rcu.o(i.rcu_spread_spectrum_disable), (20 bytes).
    Removing gd32f4xx_rcu.o(i.rcu_spread_spectrum_enable), (20 bytes).
    Removing gd32f4xx_rcu.o(i.rcu_system_clock_source_config), (24 bytes).
    Removing gd32f4xx_rcu.o(i.rcu_system_clock_source_get), (16 bytes).
    Removing gd32f4xx_rcu.o(i.rcu_timer_clock_prescaler_config), (36 bytes).
    Removing gd32f4xx_rcu.o(i.rcu_tli_clock_div_config), (24 bytes).
    Removing gd32f4xx_rcu.o(i.rcu_voltage_key_unlock), (16 bytes).
    Removing gd32f4xx_usart.o(.rev16_text), (4 bytes).
    Removing gd32f4xx_usart.o(.revsh_text), (4 bytes).
    Removing gd32f4xx_usart.o(i.usart_address_config), (20 bytes).
    Removing gd32f4xx_usart.o(i.usart_block_length_config), (28 bytes).
    Removing gd32f4xx_usart.o(i.usart_break_frame_coherence_config), (24 bytes).
    Removing gd32f4xx_usart.o(i.usart_data_first_config), (20 bytes).
    Removing gd32f4xx_usart.o(i.usart_disable), (10 bytes).
    Removing gd32f4xx_usart.o(i.usart_dma_transmit_config), (16 bytes).
    Removing gd32f4xx_usart.o(i.usart_flag_clear), (26 bytes).
    Removing gd32f4xx_usart.o(i.usart_guard_time_config), (24 bytes).
    Removing gd32f4xx_usart.o(i.usart_halfduplex_disable), (10 bytes).
    Removing gd32f4xx_usart.o(i.usart_halfduplex_enable), (10 bytes).
    Removing gd32f4xx_usart.o(i.usart_hardware_flow_coherence_config), (24 bytes).
    Removing gd32f4xx_usart.o(i.usart_hardware_flow_cts_config), (16 bytes).
    Removing gd32f4xx_usart.o(i.usart_hardware_flow_rts_config), (16 bytes).
    Removing gd32f4xx_usart.o(i.usart_interrupt_disable), (26 bytes).
    Removing gd32f4xx_usart.o(i.usart_interrupt_flag_clear), (26 bytes).
    Removing gd32f4xx_usart.o(i.usart_invert_config), (104 bytes).
    Removing gd32f4xx_usart.o(i.usart_irda_lowpower_config), (20 bytes).
    Removing gd32f4xx_usart.o(i.usart_irda_mode_disable), (10 bytes).
    Removing gd32f4xx_usart.o(i.usart_irda_mode_enable), (10 bytes).
    Removing gd32f4xx_usart.o(i.usart_lin_break_detection_length_config), (20 bytes).
    Removing gd32f4xx_usart.o(i.usart_lin_mode_disable), (10 bytes).
    Removing gd32f4xx_usart.o(i.usart_lin_mode_enable), (10 bytes).
    Removing gd32f4xx_usart.o(i.usart_mute_mode_disable), (10 bytes).
    Removing gd32f4xx_usart.o(i.usart_mute_mode_enable), (10 bytes).
    Removing gd32f4xx_usart.o(i.usart_mute_mode_wakeup_config), (16 bytes).
    Removing gd32f4xx_usart.o(i.usart_oversample_config), (16 bytes).
    Removing gd32f4xx_usart.o(i.usart_parity_check_coherence_config), (24 bytes).
    Removing gd32f4xx_usart.o(i.usart_prescaler_config), (16 bytes).
    Removing gd32f4xx_usart.o(i.usart_receiver_timeout_disable), (14 bytes).
    Removing gd32f4xx_usart.o(i.usart_receiver_timeout_enable), (14 bytes).
    Removing gd32f4xx_usart.o(i.usart_receiver_timeout_threshold_config), (20 bytes).
    Removing gd32f4xx_usart.o(i.usart_sample_bit_config), (16 bytes).
    Removing gd32f4xx_usart.o(i.usart_send_break), (10 bytes).
    Removing gd32f4xx_usart.o(i.usart_smartcard_autoretry_config), (26 bytes).
    Removing gd32f4xx_usart.o(i.usart_smartcard_mode_disable), (10 bytes).
    Removing gd32f4xx_usart.o(i.usart_smartcard_mode_enable), (10 bytes).
    Removing gd32f4xx_usart.o(i.usart_smartcard_mode_nack_disable), (10 bytes).
    Removing gd32f4xx_usart.o(i.usart_smartcard_mode_nack_enable), (10 bytes).
    Removing gd32f4xx_usart.o(i.usart_synchronous_clock_config), (34 bytes).
    Removing gd32f4xx_usart.o(i.usart_synchronous_clock_disable), (10 bytes).
    Removing gd32f4xx_usart.o(i.usart_synchronous_clock_enable), (10 bytes).
    Removing gd32f4xx_misc.o(.rev16_text), (4 bytes).
    Removing gd32f4xx_misc.o(.revsh_text), (4 bytes).
    Removing gd32f4xx_misc.o(i.nvic_irq_disable), (24 bytes).
    Removing gd32f4xx_misc.o(i.nvic_vector_table_set), (24 bytes).
    Removing gd32f4xx_misc.o(i.system_lowpower_reset), (16 bytes).
    Removing gd32f4xx_misc.o(i.system_lowpower_set), (16 bytes).
    Removing gd32f4xx_misc.o(i.systick_clksource_set), (40 bytes).
    Removing gd32f4xx_syscfg.o(.rev16_text), (4 bytes).
    Removing gd32f4xx_syscfg.o(.revsh_text), (4 bytes).
    Removing gd32f4xx_syscfg.o(i.syscfg_bootmode_config), (28 bytes).
    Removing gd32f4xx_syscfg.o(i.syscfg_compensation_config), (24 bytes).
    Removing gd32f4xx_syscfg.o(i.syscfg_deinit), (20 bytes).
    Removing gd32f4xx_syscfg.o(i.syscfg_enet_phy_interface_config), (24 bytes).
    Removing gd32f4xx_syscfg.o(i.syscfg_exmc_swap_config), (24 bytes).
    Removing gd32f4xx_syscfg.o(i.syscfg_flag_get), (24 bytes).
    Removing gd32f4xx_syscfg.o(i.syscfg_fmc_swap_config), (24 bytes).
    Removing gd32f4xx_exti.o(.rev16_text), (4 bytes).
    Removing gd32f4xx_exti.o(.revsh_text), (4 bytes).
    Removing gd32f4xx_exti.o(i.exti_deinit), (28 bytes).
    Removing gd32f4xx_exti.o(i.exti_event_disable), (16 bytes).
    Removing gd32f4xx_exti.o(i.exti_event_enable), (16 bytes).
    Removing gd32f4xx_exti.o(i.exti_flag_clear), (12 bytes).
    Removing gd32f4xx_exti.o(i.exti_flag_get), (24 bytes).
    Removing gd32f4xx_exti.o(i.exti_interrupt_disable), (16 bytes).
    Removing gd32f4xx_exti.o(i.exti_software_interrupt_disable), (16 bytes).
    Removing gd32f4xx_exti.o(i.exti_software_interrupt_enable), (16 bytes).
    Removing gd32f4xx_timer.o(.rev16_text), (4 bytes).
    Removing gd32f4xx_timer.o(.revsh_text), (4 bytes).
    Removing gd32f4xx_timer.o(i.timer_auto_reload_shadow_disable), (10 bytes).
    Removing gd32f4xx_timer.o(i.timer_auto_reload_shadow_enable), (10 bytes).
    Removing gd32f4xx_timer.o(i.timer_automatic_output_disable), (10 bytes).
    Removing gd32f4xx_timer.o(i.timer_automatic_output_enable), (10 bytes).
    Removing gd32f4xx_timer.o(i.timer_autoreload_value_config), (4 bytes).
    Removing gd32f4xx_timer.o(i.timer_break_config), (30 bytes).
    Removing gd32f4xx_timer.o(i.timer_break_disable), (10 bytes).
    Removing gd32f4xx_timer.o(i.timer_break_enable), (10 bytes).
    Removing gd32f4xx_timer.o(i.timer_break_struct_para_init), (18 bytes).
    Removing gd32f4xx_timer.o(i.timer_channel_capture_value_register_read), (42 bytes).
    Removing gd32f4xx_timer.o(i.timer_channel_complementary_output_polarity_config), (70 bytes).
    Removing gd32f4xx_timer.o(i.timer_channel_complementary_output_state_config), (70 bytes).
    Removing gd32f4xx_timer.o(i.timer_channel_control_shadow_config), (24 bytes).
    Removing gd32f4xx_timer.o(i.timer_channel_control_shadow_update_config), (26 bytes).
    Removing gd32f4xx_timer.o(i.timer_channel_dma_request_source_select), (26 bytes).
    Removing gd32f4xx_timer.o(i.timer_channel_input_capture_prescaler_config), (90 bytes).
    Removing gd32f4xx_timer.o(i.timer_channel_input_struct_para_init), (16 bytes).
    Removing gd32f4xx_timer.o(i.timer_channel_output_clear_config), (90 bytes).
    Removing gd32f4xx_timer.o(i.timer_channel_output_config), (492 bytes).
    Removing gd32f4xx_timer.o(i.timer_channel_output_fast_config), (90 bytes).
    Removing gd32f4xx_timer.o(i.timer_channel_output_mode_config), (90 bytes).
    Removing gd32f4xx_timer.o(i.timer_channel_output_polarity_config), (92 bytes).
    Removing gd32f4xx_timer.o(i.timer_channel_output_pulse_value_config), (38 bytes).
    Removing gd32f4xx_timer.o(i.timer_channel_output_shadow_config), (90 bytes).
    Removing gd32f4xx_timer.o(i.timer_channel_output_state_config), (92 bytes).
    Removing gd32f4xx_timer.o(i.timer_channel_output_struct_para_init), (16 bytes).
    Removing gd32f4xx_timer.o(i.timer_channel_remap_config), (4 bytes).
    Removing gd32f4xx_timer.o(i.timer_counter_alignment), (16 bytes).
    Removing gd32f4xx_timer.o(i.timer_counter_down_direction), (10 bytes).
    Removing gd32f4xx_timer.o(i.timer_counter_read), (8 bytes).
    Removing gd32f4xx_timer.o(i.timer_counter_up_direction), (10 bytes).
    Removing gd32f4xx_timer.o(i.timer_counter_value_config), (4 bytes).
    Removing gd32f4xx_timer.o(i.timer_deinit), (388 bytes).
    Removing gd32f4xx_timer.o(i.timer_disable), (10 bytes).
    Removing gd32f4xx_timer.o(i.timer_dma_disable), (8 bytes).
    Removing gd32f4xx_timer.o(i.timer_dma_enable), (8 bytes).
    Removing gd32f4xx_timer.o(i.timer_dma_transfer_config), (24 bytes).
    Removing gd32f4xx_timer.o(i.timer_enable), (10 bytes).
    Removing gd32f4xx_timer.o(i.timer_event_software_generate), (8 bytes).
    Removing gd32f4xx_timer.o(i.timer_external_clock_mode0_config), (40 bytes).
    Removing gd32f4xx_timer.o(i.timer_external_clock_mode1_config), (32 bytes).
    Removing gd32f4xx_timer.o(i.timer_external_clock_mode1_disable), (10 bytes).
    Removing gd32f4xx_timer.o(i.timer_external_trigger_as_external_clock_config), (166 bytes).
    Removing gd32f4xx_timer.o(i.timer_external_trigger_config), (30 bytes).
    Removing gd32f4xx_timer.o(i.timer_flag_clear), (6 bytes).
    Removing gd32f4xx_timer.o(i.timer_flag_get), (16 bytes).
    Removing gd32f4xx_timer.o(i.timer_hall_mode_config), (26 bytes).
    Removing gd32f4xx_timer.o(i.timer_init), (152 bytes).
    Removing gd32f4xx_timer.o(i.timer_input_capture_config), (326 bytes).
    Removing gd32f4xx_timer.o(i.timer_input_pwm_capture_config), (356 bytes).
    Removing gd32f4xx_timer.o(i.timer_input_trigger_source_select), (16 bytes).
    Removing gd32f4xx_timer.o(i.timer_internal_clock_config), (10 bytes).
    Removing gd32f4xx_timer.o(i.timer_internal_trigger_as_external_clock_config), (32 bytes).
    Removing gd32f4xx_timer.o(i.timer_interrupt_disable), (8 bytes).
    Removing gd32f4xx_timer.o(i.timer_interrupt_enable), (8 bytes).
    Removing gd32f4xx_timer.o(i.timer_master_output_trigger_source_select), (16 bytes).
    Removing gd32f4xx_timer.o(i.timer_master_slave_mode_config), (26 bytes).
    Removing gd32f4xx_timer.o(i.timer_output_value_selection_config), (34 bytes).
    Removing gd32f4xx_timer.o(i.timer_prescaler_config), (14 bytes).
    Removing gd32f4xx_timer.o(i.timer_prescaler_read), (10 bytes).
    Removing gd32f4xx_timer.o(i.timer_primary_output_config), (24 bytes).
    Removing gd32f4xx_timer.o(i.timer_quadrature_decoder_mode_config), (64 bytes).
    Removing gd32f4xx_timer.o(i.timer_repetition_value_config), (4 bytes).
    Removing gd32f4xx_timer.o(i.timer_single_pulse_mode_config), (26 bytes).
    Removing gd32f4xx_timer.o(i.timer_slave_mode_select), (16 bytes).
    Removing gd32f4xx_timer.o(i.timer_struct_para_init), (22 bytes).
    Removing gd32f4xx_timer.o(i.timer_update_event_disable), (10 bytes).
    Removing gd32f4xx_timer.o(i.timer_update_event_enable), (10 bytes).
    Removing gd32f4xx_timer.o(i.timer_update_source_config), (26 bytes).
    Removing gd32f4xx_timer.o(i.timer_write_chxval_register_config), (34 bytes).
    Removing gd32f4xx_dma.o(.rev16_text), (4 bytes).
    Removing gd32f4xx_dma.o(.revsh_text), (4 bytes).
    Removing gd32f4xx_dma.o(i.dma_circulation_disable), (32 bytes).
    Removing gd32f4xx_dma.o(i.dma_circulation_enable), (32 bytes).
    Removing gd32f4xx_dma.o(i.dma_fifo_status_get), (20 bytes).
    Removing gd32f4xx_dma.o(i.dma_flag_clear), (62 bytes).
    Removing gd32f4xx_dma.o(i.dma_flag_get), (76 bytes).
    Removing gd32f4xx_dma.o(i.dma_flow_controller_config), (64 bytes).
    Removing gd32f4xx_dma.o(i.dma_interrupt_disable), (62 bytes).
    Removing gd32f4xx_dma.o(i.dma_memory_address_config), (32 bytes).
    Removing gd32f4xx_dma.o(i.dma_memory_address_generation_config), (64 bytes).
    Removing gd32f4xx_dma.o(i.dma_memory_burst_beats_config), (36 bytes).
    Removing gd32f4xx_dma.o(i.dma_memory_width_config), (36 bytes).
    Removing gd32f4xx_dma.o(i.dma_multi_data_mode_init), (356 bytes).
    Removing gd32f4xx_dma.o(i.dma_multi_data_para_struct_init), (40 bytes).
    Removing gd32f4xx_dma.o(i.dma_periph_address_config), (16 bytes).
    Removing gd32f4xx_dma.o(i.dma_periph_burst_beats_config), (36 bytes).
    Removing gd32f4xx_dma.o(i.dma_periph_width_config), (36 bytes).
    Removing gd32f4xx_dma.o(i.dma_peripheral_address_generation_config), (126 bytes).
    Removing gd32f4xx_dma.o(i.dma_priority_config), (36 bytes).
    Removing gd32f4xx_dma.o(i.dma_single_data_para_struct_init), (34 bytes).
    Removing gd32f4xx_dma.o(i.dma_switch_buffer_mode_config), (76 bytes).
    Removing gd32f4xx_dma.o(i.dma_switch_buffer_mode_enable), (66 bytes).
    Removing gd32f4xx_dma.o(i.dma_transfer_direction_config), (36 bytes).
    Removing gd32f4xx_dma.o(i.dma_transfer_number_config), (16 bytes).
    Removing gd32f4xx_dma.o(i.dma_using_memory_get), (28 bytes).
    Removing dadd.o(.text), (334 bytes).
    Removing dmul.o(.text), (228 bytes).
    Removing ddiv.o(.text), (222 bytes).
    Removing dfixul.o(.text), (48 bytes).
    Removing cdrcmple.o(.text), (48 bytes).
    Removing depilogue.o(.text), (186 bytes).

262 unused section(s) (total 11552 bytes) removed from the image.

==============================================================================

Image Symbol Table

    Local Symbols

    Symbol Name                              Value     Ov Type        Size  Object(Section)

    ../clib/microlib/division.c              0x00000000   Number         0  uldiv.o ABSOLUTE
    ../clib/microlib/division.c              0x00000000   Number         0  uidiv.o ABSOLUTE
    ../clib/microlib/init/entry.s            0x00000000   Number         0  entry9b.o ABSOLUTE
    ../clib/microlib/init/entry.s            0x00000000   Number         0  entry9a.o ABSOLUTE
    ../clib/microlib/init/entry.s            0x00000000   Number         0  entry8b.o ABSOLUTE
    ../clib/microlib/init/entry.s            0x00000000   Number         0  entry12b.o ABSOLUTE
    ../clib/microlib/init/entry.s            0x00000000   Number         0  entry.o ABSOLUTE
    ../clib/microlib/init/entry.s            0x00000000   Number         0  entry2.o ABSOLUTE
    ../clib/microlib/init/entry.s            0x00000000   Number         0  entry5.o ABSOLUTE
    ../clib/microlib/init/entry.s            0x00000000   Number         0  entry7a.o ABSOLUTE
    ../clib/microlib/init/entry.s            0x00000000   Number         0  entry7b.o ABSOLUTE
    ../clib/microlib/init/entry.s            0x00000000   Number         0  entry12a.o ABSOLUTE
    ../clib/microlib/init/entry.s            0x00000000   Number         0  entry11b.o ABSOLUTE
    ../clib/microlib/init/entry.s            0x00000000   Number         0  entry8a.o ABSOLUTE
    ../clib/microlib/init/entry.s            0x00000000   Number         0  entry11a.o ABSOLUTE
    ../clib/microlib/init/entry.s            0x00000000   Number         0  entry10b.o ABSOLUTE
    ../clib/microlib/init/entry.s            0x00000000   Number         0  entry10a.o ABSOLUTE
    ../clib/microlib/longlong.c              0x00000000   Number         0  llshl.o ABSOLUTE
    ../clib/microlib/longlong.c              0x00000000   Number         0  llsshr.o ABSOLUTE
    ../clib/microlib/longlong.c              0x00000000   Number         0  llushr.o ABSOLUTE
    ../clib/microlib/printf/printf.c         0x00000000   Number         0  printf0.o ABSOLUTE
    ../clib/microlib/printf/printf.c         0x00000000   Number         0  printfb.o ABSOLUTE
    ../clib/microlib/printf/printf.c         0x00000000   Number         0  printf2.o ABSOLUTE
    ../clib/microlib/printf/printf.c         0x00000000   Number         0  printf7.o ABSOLUTE
    ../clib/microlib/printf/printf.c         0x00000000   Number         0  printfa.o ABSOLUTE
    ../clib/microlib/printf/printf.c         0x00000000   Number         0  printf8.o ABSOLUTE
    ../clib/microlib/printf/printf.c         0x00000000   Number         0  printf6.o ABSOLUTE
    ../clib/microlib/printf/printf.c         0x00000000   Number         0  printf5.o ABSOLUTE
    ../clib/microlib/printf/printf.c         0x00000000   Number         0  printf4.o ABSOLUTE
    ../clib/microlib/printf/printf.c         0x00000000   Number         0  printf3.o ABSOLUTE
    ../clib/microlib/printf/printf.c         0x00000000   Number         0  printf1.o ABSOLUTE
    ../clib/microlib/printf/stubs.s          0x00000000   Number         0  stubs.o ABSOLUTE
    ../clib/microlib/stdio/streams.c         0x00000000   Number         0  stdout.o ABSOLUTE
    ../clib/microlib/string/memset.c         0x00000000   Number         0  memseta.o ABSOLUTE
    ../clib/microlib/stubs.s                 0x00000000   Number         0  iusefp.o ABSOLUTE
    ../fplib/microlib/fpadd.c                0x00000000   Number         0  dadd.o ABSOLUTE
    ../fplib/microlib/fpdiv.c                0x00000000   Number         0  ddiv.o ABSOLUTE
    ../fplib/microlib/fpepilogue.c           0x00000000   Number         0  depilogue.o ABSOLUTE
    ../fplib/microlib/fpfix.c                0x00000000   Number         0  dfixul.o ABSOLUTE
    ../fplib/microlib/fpmul.c                0x00000000   Number         0  dmul.o ABSOLUTE
    ..\Firmware\CMSIS\GD\GD32F4xx\Source\ARM\startup_gd32f450_470.s 0x00000000   Number         0  startup_gd32f450_470.o ABSOLUTE
    ..\Firmware\CMSIS\GD\GD32F4xx\Source\system_gd32f4xx.c 0x00000000   Number         0  system_gd32f4xx.o ABSOLUTE
    ..\Firmware\GD32F4xx_standard_peripheral\Source\gd32f4xx_dma.c 0x00000000   Number         0  gd32f4xx_dma.o ABSOLUTE
    ..\Firmware\GD32F4xx_standard_peripheral\Source\gd32f4xx_exti.c 0x00000000   Number         0  gd32f4xx_exti.o ABSOLUTE
    ..\Firmware\GD32F4xx_standard_peripheral\Source\gd32f4xx_gpio.c 0x00000000   Number         0  gd32f4xx_gpio.o ABSOLUTE
    ..\Firmware\GD32F4xx_standard_peripheral\Source\gd32f4xx_misc.c 0x00000000   Number         0  gd32f4xx_misc.o ABSOLUTE
    ..\Firmware\GD32F4xx_standard_peripheral\Source\gd32f4xx_rcu.c 0x00000000   Number         0  gd32f4xx_rcu.o ABSOLUTE
    ..\Firmware\GD32F4xx_standard_peripheral\Source\gd32f4xx_syscfg.c 0x00000000   Number         0  gd32f4xx_syscfg.o ABSOLUTE
    ..\Firmware\GD32F4xx_standard_peripheral\Source\gd32f4xx_timer.c 0x00000000   Number         0  gd32f4xx_timer.o ABSOLUTE
    ..\Firmware\GD32F4xx_standard_peripheral\Source\gd32f4xx_usart.c 0x00000000   Number         0  gd32f4xx_usart.o ABSOLUTE
    ..\Hardware\dma\bsp_dma.c                0x00000000   Number         0  bsp_dma.o ABSOLUTE
    ..\Hardware\key\bsp_key.c                0x00000000   Number         0  bsp_key.o ABSOLUTE
    ..\Hardware\led\bsp_led.c                0x00000000   Number         0  bsp_led.o ABSOLUTE
    ..\Hardware\pwm\bsp_pwm.c                0x00000000   Number         0  bsp_pwm.o ABSOLUTE
    ..\Hardware\timer\bsp_basic_timer.c      0x00000000   Number         0  bsp_basic_timer.o ABSOLUTE
    ..\Hardware\usart\bsp_usart.c            0x00000000   Number         0  bsp_usart.o ABSOLUTE
    ..\User\gd32f4xx_it.c                    0x00000000   Number         0  gd32f4xx_it.o ABSOLUTE
    ..\User\main.c                           0x00000000   Number         0  main.o ABSOLUTE
    ..\User\sys.c                            0x00000000   Number         0  sys.o ABSOLUTE
    ..\User\systick.c                        0x00000000   Number         0  systick.o ABSOLUTE
    ..\\Firmware\\CMSIS\\GD\\GD32F4xx\\Source\\system_gd32f4xx.c 0x00000000   Number         0  system_gd32f4xx.o ABSOLUTE
    ..\\Firmware\\GD32F4xx_standard_peripheral\\Source\\gd32f4xx_dma.c 0x00000000   Number         0  gd32f4xx_dma.o ABSOLUTE
    ..\\Firmware\\GD32F4xx_standard_peripheral\\Source\\gd32f4xx_exti.c 0x00000000   Number         0  gd32f4xx_exti.o ABSOLUTE
    ..\\Firmware\\GD32F4xx_standard_peripheral\\Source\\gd32f4xx_gpio.c 0x00000000   Number         0  gd32f4xx_gpio.o ABSOLUTE
    ..\\Firmware\\GD32F4xx_standard_peripheral\\Source\\gd32f4xx_misc.c 0x00000000   Number         0  gd32f4xx_misc.o ABSOLUTE
    ..\\Firmware\\GD32F4xx_standard_peripheral\\Source\\gd32f4xx_rcu.c 0x00000000   Number         0  gd32f4xx_rcu.o ABSOLUTE
    ..\\Firmware\\GD32F4xx_standard_peripheral\\Source\\gd32f4xx_syscfg.c 0x00000000   Number         0  gd32f4xx_syscfg.o ABSOLUTE
    ..\\Firmware\\GD32F4xx_standard_peripheral\\Source\\gd32f4xx_timer.c 0x00000000   Number         0  gd32f4xx_timer.o ABSOLUTE
    ..\\Firmware\\GD32F4xx_standard_peripheral\\Source\\gd32f4xx_usart.c 0x00000000   Number         0  gd32f4xx_usart.o ABSOLUTE
    ..\\Hardware\\dma\\bsp_dma.c             0x00000000   Number         0  bsp_dma.o ABSOLUTE
    ..\\Hardware\\key\\bsp_key.c             0x00000000   Number         0  bsp_key.o ABSOLUTE
    ..\\Hardware\\led\\bsp_led.c             0x00000000   Number         0  bsp_led.o ABSOLUTE
    ..\\Hardware\\pwm\\bsp_pwm.c             0x00000000   Number         0  bsp_pwm.o ABSOLUTE
    ..\\Hardware\\timer\\bsp_basic_timer.c   0x00000000   Number         0  bsp_basic_timer.o ABSOLUTE
    ..\\Hardware\\usart\\bsp_usart.c         0x00000000   Number         0  bsp_usart.o ABSOLUTE
    ..\\User\\gd32f4xx_it.c                  0x00000000   Number         0  gd32f4xx_it.o ABSOLUTE
    ..\\User\\main.c                         0x00000000   Number         0  main.o ABSOLUTE
    ..\\User\\sys.c                          0x00000000   Number         0  sys.o ABSOLUTE
    ..\\User\\systick.c                      0x00000000   Number         0  systick.o ABSOLUTE
    cdrcmple.s                               0x00000000   Number         0  cdrcmple.o ABSOLUTE
    dc.s                                     0x00000000   Number         0  dc.o ABSOLUTE
    handlers.s                               0x00000000   Number         0  handlers.o ABSOLUTE
    init.s                                   0x00000000   Number         0  init.o ABSOLUTE
    RESET                                    0x08000000   Section      428  startup_gd32f450_470.o(RESET)
    .ARM.Collect$$$$00000000                 0x080001ac   Section        0  entry.o(.ARM.Collect$$$$00000000)
    .ARM.Collect$$$$00000001                 0x080001ac   Section        4  entry2.o(.ARM.Collect$$$$00000001)
    .ARM.Collect$$$$00000004                 0x080001b0   Section        4  entry5.o(.ARM.Collect$$$$00000004)
    .ARM.Collect$$$$00000008                 0x080001b4   Section        0  entry7b.o(.ARM.Collect$$$$00000008)
    .ARM.Collect$$$$0000000A                 0x080001b4   Section        0  entry8b.o(.ARM.Collect$$$$0000000A)
    .ARM.Collect$$$$0000000B                 0x080001b4   Section        8  entry9a.o(.ARM.Collect$$$$0000000B)
    .ARM.Collect$$$$0000000E                 0x080001bc   Section        4  entry12b.o(.ARM.Collect$$$$0000000E)
    .ARM.Collect$$$$0000000F                 0x080001c0   Section        0  entry10a.o(.ARM.Collect$$$$0000000F)
    .ARM.Collect$$$$00000011                 0x080001c0   Section        0  entry11a.o(.ARM.Collect$$$$00000011)
    .ARM.Collect$$$$00002712                 0x080001c0   Section        4  entry2.o(.ARM.Collect$$$$00002712)
    __lit__00000000                          0x080001c0   Data           4  entry2.o(.ARM.Collect$$$$00002712)
    .text                                    0x080001c4   Section       36  startup_gd32f450_470.o(.text)
    $v0                                      0x080001c4   Number         0  startup_gd32f450_470.o(.text)
    .text                                    0x080001e8   Section        0  memseta.o(.text)
    .text                                    0x0800020c   Section        0  uidiv.o(.text)
    .text                                    0x08000238   Section       36  init.o(.text)
    i.BusFault_Handler                       0x0800025c   Section        0  gd32f4xx_it.o(i.BusFault_Handler)
    i.DMA1_Channel2_IRQHandler               0x08000260   Section        0  bsp_dma.o(i.DMA1_Channel2_IRQHandler)
    i.DebugMon_Handler                       0x08000280   Section        0  gd32f4xx_it.o(i.DebugMon_Handler)
    i.EXTI0_IRQHandler                       0x08000284   Section        0  bsp_key.o(i.EXTI0_IRQHandler)
    i.HardFault_Handler                      0x080002e4   Section        0  gd32f4xx_it.o(i.HardFault_Handler)
    i.MemManage_Handler                      0x080002e8   Section        0  gd32f4xx_it.o(i.MemManage_Handler)
    i.NMI_Handler                            0x080002ec   Section        0  gd32f4xx_it.o(i.NMI_Handler)
    i.NVIC_SetPriority                       0x080002f0   Section        0  systick.o(i.NVIC_SetPriority)
    NVIC_SetPriority                         0x080002f1   Thumb Code    32  systick.o(i.NVIC_SetPriority)
    i.PendSV_Handler                         0x08000318   Section        0  gd32f4xx_it.o(i.PendSV_Handler)
    i.SVC_Handler                            0x0800031a   Section        0  gd32f4xx_it.o(i.SVC_Handler)
    i.SysTick_Handler                        0x0800031c   Section        0  gd32f4xx_it.o(i.SysTick_Handler)
    i.SystemInit                             0x08000324   Section        0  system_gd32f4xx.o(i.SystemInit)
    i.TIMER5_DAC_IRQHandler                  0x080003ec   Section        0  bsp_basic_timer.o(i.TIMER5_DAC_IRQHandler)
    i.USART0_IRQHandler                      0x08000434   Section        0  bsp_usart.o(i.USART0_IRQHandler)
    i.UsageFault_Handler                     0x08000490   Section        0  gd32f4xx_it.o(i.UsageFault_Handler)
    i.__0printf$3                            0x08000494   Section        0  printf3.o(i.__0printf$3)
    i.__scatterload_copy                     0x080004b4   Section       14  handlers.o(i.__scatterload_copy)
    i.__scatterload_null                     0x080004c2   Section        2  handlers.o(i.__scatterload_null)
    i.__scatterload_zeroinit                 0x080004c4   Section       14  handlers.o(i.__scatterload_zeroinit)
    i._printf_core                           0x080004d4   Section        0  printf3.o(i._printf_core)
    _printf_core                             0x080004d5   Thumb Code   436  printf3.o(i._printf_core)
    i.delay_decrement                        0x0800068c   Section        0  systick.o(i.delay_decrement)
    i.dma_channel_disable                    0x080006a4   Section        0  gd32f4xx_dma.o(i.dma_channel_disable)
    i.dma_channel_enable                     0x080006c4   Section        0  gd32f4xx_dma.o(i.dma_channel_enable)
    i.dma_channel_subperipheral_select       0x080006e4   Section        0  gd32f4xx_dma.o(i.dma_channel_subperipheral_select)
    i.dma_config                             0x0800070c   Section        0  bsp_dma.o(i.dma_config)
    i.dma_deinit                             0x08000790   Section        0  gd32f4xx_dma.o(i.dma_deinit)
    i.dma_interrupt_enable                   0x08000834   Section        0  gd32f4xx_dma.o(i.dma_interrupt_enable)
    i.dma_interrupt_flag_clear               0x08000872   Section        0  gd32f4xx_dma.o(i.dma_interrupt_flag_clear)
    i.dma_interrupt_flag_get                 0x080008b0   Section        0  gd32f4xx_dma.o(i.dma_interrupt_flag_get)
    i.dma_single_data_mode_init              0x08000ab4   Section        0  gd32f4xx_dma.o(i.dma_single_data_mode_init)
    i.dma_transfer_number_get                0x08000c0c   Section        0  gd32f4xx_dma.o(i.dma_transfer_number_get)
    i.exti_init                              0x08000c1c   Section        0  gd32f4xx_exti.o(i.exti_init)
    i.exti_interrupt_enable                  0x08000cd8   Section        0  gd32f4xx_exti.o(i.exti_interrupt_enable)
    i.exti_interrupt_flag_clear              0x08000ce8   Section        0  gd32f4xx_exti.o(i.exti_interrupt_flag_clear)
    i.exti_interrupt_flag_get                0x08000cf4   Section        0  gd32f4xx_exti.o(i.exti_interrupt_flag_get)
    i.fputc                                  0x08000d18   Section        0  bsp_usart.o(i.fputc)
    i.gpio_af_set                            0x08000d28   Section        0  gd32f4xx_gpio.o(i.gpio_af_set)
    i.gpio_bit_toggle                        0x08000d86   Section        0  gd32f4xx_gpio.o(i.gpio_bit_toggle)
    i.gpio_input_bit_get                     0x08000d8a   Section        0  gd32f4xx_gpio.o(i.gpio_input_bit_get)
    i.gpio_mode_set                          0x08000d9a   Section        0  gd32f4xx_gpio.o(i.gpio_mode_set)
    i.gpio_output_options_set                0x08000de8   Section        0  gd32f4xx_gpio.o(i.gpio_output_options_set)
    i.key_gpio_config                        0x08000e2c   Section        0  bsp_key.o(i.key_gpio_config)
    i.led_gpio_config                        0x08000e78   Section        0  bsp_led.o(i.led_gpio_config)
    i.main                                   0x08000ea0   Section        0  main.o(i.main)
    i.nvic_irq_enable                        0x08000f3c   Section        0  gd32f4xx_misc.o(i.nvic_irq_enable)
    i.nvic_priority_group_set                0x08001000   Section        0  gd32f4xx_misc.o(i.nvic_priority_group_set)
    i.rcu_clock_freq_get                     0x08001014   Section        0  gd32f4xx_rcu.o(i.rcu_clock_freq_get)
    i.rcu_periph_clock_enable                0x08001138   Section        0  gd32f4xx_rcu.o(i.rcu_periph_clock_enable)
    i.rcu_periph_reset_disable               0x0800115c   Section        0  gd32f4xx_rcu.o(i.rcu_periph_reset_disable)
    i.rcu_periph_reset_enable                0x08001180   Section        0  gd32f4xx_rcu.o(i.rcu_periph_reset_enable)
    i.syscfg_exti_line_config                0x080011a4   Section        0  gd32f4xx_syscfg.o(i.syscfg_exti_line_config)
    i.system_clock_240m_25m_hxtal            0x08001250   Section        0  system_gd32f4xx.o(i.system_clock_240m_25m_hxtal)
    system_clock_240m_25m_hxtal              0x08001251   Thumb Code   240  system_gd32f4xx.o(i.system_clock_240m_25m_hxtal)
    i.system_clock_config                    0x0800134c   Section        0  system_gd32f4xx.o(i.system_clock_config)
    system_clock_config                      0x0800134d   Thumb Code     8  system_gd32f4xx.o(i.system_clock_config)
    i.systick_config                         0x08001354   Section        0  systick.o(i.systick_config)
    i.timer_interrupt_flag_clear             0x080013a4   Section        0  gd32f4xx_timer.o(i.timer_interrupt_flag_clear)
    i.timer_interrupt_flag_get               0x080013aa   Section        0  gd32f4xx_timer.o(i.timer_interrupt_flag_get)
    i.usart_baudrate_set                     0x080013c4   Section        0  gd32f4xx_usart.o(i.usart_baudrate_set)
    i.usart_data_receive                     0x080014ac   Section        0  gd32f4xx_usart.o(i.usart_data_receive)
    i.usart_data_transmit                    0x080014b6   Section        0  gd32f4xx_usart.o(i.usart_data_transmit)
    i.usart_deinit                           0x080014c0   Section        0  gd32f4xx_usart.o(i.usart_deinit)
    i.usart_dma_receive_config               0x0800159c   Section        0  gd32f4xx_usart.o(i.usart_dma_receive_config)
    i.usart_enable                           0x080015ac   Section        0  gd32f4xx_usart.o(i.usart_enable)
    i.usart_flag_get                         0x080015b6   Section        0  gd32f4xx_usart.o(i.usart_flag_get)
    i.usart_gpio_config                      0x080015d4   Section        0  bsp_usart.o(i.usart_gpio_config)
    i.usart_interrupt_enable                 0x0800169c   Section        0  gd32f4xx_usart.o(i.usart_interrupt_enable)
    i.usart_interrupt_flag_get               0x080016b6   Section        0  gd32f4xx_usart.o(i.usart_interrupt_flag_get)
    i.usart_parity_config                    0x080016ee   Section        0  gd32f4xx_usart.o(i.usart_parity_config)
    i.usart_receive_config                   0x080016fe   Section        0  gd32f4xx_usart.o(i.usart_receive_config)
    i.usart_send_data                        0x08001710   Section        0  bsp_usart.o(i.usart_send_data)
    i.usart_stop_bit_set                     0x08001730   Section        0  gd32f4xx_usart.o(i.usart_stop_bit_set)
    i.usart_transmit_config                  0x08001740   Section        0  gd32f4xx_usart.o(i.usart_transmit_config)
    i.usart_word_length_set                  0x08001750   Section        0  gd32f4xx_usart.o(i.usart_word_length_set)
    .data                                    0x20000000   Section        4  systick.o(.data)
    delay                                    0x20000000   Data           4  systick.o(.data)
    .data                                    0x20000004   Section        4  system_gd32f4xx.o(.data)
    .data                                    0x20000008   Section        3  bsp_usart.o(.data)
    .data                                    0x2000000c   Section        4  stdout.o(.data)
    .bss                                     0x20000010   Section     4096  bsp_usart.o(.bss)
    STACK                                    0x20001010   Section     1024  startup_gd32f450_470.o(STACK)

    Global Symbols

    Symbol Name                              Value     Ov Type        Size  Object(Section)

    BuildAttributes$$THM_ISAv4$E$P$D$K$B$S$7EM$VFPi3$EXTD16$VFPS$VFMA$PE$A:L22UL41UL21$X:L11$S22US41US21$IEEE1$IW$USESV6$~STKCKD$USESV7$~SHL$OSPACE$ROPI$EBA8$MICROLIB$REQ8$PRES8$EABIv2 0x00000000   Number         0  anon$$obj.o ABSOLUTE
    __ARM_use_no_argv                        0x00000000   Number         0  main.o ABSOLUTE
    _printf_a                                0x00000000   Number         0  stubs.o ABSOLUTE
    _printf_c                                0x00000000   Number         0  stubs.o ABSOLUTE
    _printf_charcount                        0x00000000   Number         0  stubs.o ABSOLUTE
    _printf_d                                0x00000000   Number         0  stubs.o ABSOLUTE
    _printf_e                                0x00000000   Number         0  stubs.o ABSOLUTE
    _printf_f                                0x00000000   Number         0  stubs.o ABSOLUTE
    _printf_flags                            0x00000000   Number         0  stubs.o ABSOLUTE
    _printf_fp_dec                           0x00000000   Number         0  stubs.o ABSOLUTE
    _printf_fp_hex                           0x00000000   Number         0  stubs.o ABSOLUTE
    _printf_g                                0x00000000   Number         0  stubs.o ABSOLUTE
    _printf_i                                0x00000000   Number         0  stubs.o ABSOLUTE
    _printf_int_dec                          0x00000000   Number         0  stubs.o ABSOLUTE
    _printf_l                                0x00000000   Number         0  stubs.o ABSOLUTE
    _printf_lc                               0x00000000   Number         0  stubs.o ABSOLUTE
    _printf_ll                               0x00000000   Number         0  stubs.o ABSOLUTE
    _printf_lld                              0x00000000   Number         0  stubs.o ABSOLUTE
    _printf_lli                              0x00000000   Number         0  stubs.o ABSOLUTE
    _printf_llo                              0x00000000   Number         0  stubs.o ABSOLUTE
    _printf_llu                              0x00000000   Number         0  stubs.o ABSOLUTE
    _printf_llx                              0x00000000   Number         0  stubs.o ABSOLUTE
    _printf_longlong_dec                     0x00000000   Number         0  stubs.o ABSOLUTE
    _printf_longlong_hex                     0x00000000   Number         0  stubs.o ABSOLUTE
    _printf_longlong_oct                     0x00000000   Number         0  stubs.o ABSOLUTE
    _printf_ls                               0x00000000   Number         0  stubs.o ABSOLUTE
    _printf_mbtowc                           0x00000000   Number         0  stubs.o ABSOLUTE
    _printf_n                                0x00000000   Number         0  stubs.o ABSOLUTE
    _printf_o                                0x00000000   Number         0  stubs.o ABSOLUTE
    _printf_p                                0x00000000   Number         0  stubs.o ABSOLUTE
    _printf_percent                          0x00000000   Number         0  stubs.o ABSOLUTE
    _printf_pre_padding                      0x00000000   Number         0  stubs.o ABSOLUTE
    _printf_return_value                     0x00000000   Number         0  stubs.o ABSOLUTE
    _printf_s                                0x00000000   Number         0  stubs.o ABSOLUTE
    _printf_sizespec                         0x00000000   Number         0  stubs.o ABSOLUTE
    _printf_str                              0x00000000   Number         0  stubs.o ABSOLUTE
    _printf_truncate_signed                  0x00000000   Number         0  stubs.o ABSOLUTE
    _printf_truncate_unsigned                0x00000000   Number         0  stubs.o ABSOLUTE
    _printf_u                                0x00000000   Number         0  stubs.o ABSOLUTE
    _printf_wc                               0x00000000   Number         0  stubs.o ABSOLUTE
    _printf_wctomb                           0x00000000   Number         0  stubs.o ABSOLUTE
    _printf_widthprec                        0x00000000   Number         0  stubs.o ABSOLUTE
    _printf_x                                0x00000000   Number         0  stubs.o ABSOLUTE
    __arm_fini_                               - Undefined Weak Reference
    __cpp_initialize__aeabi_                  - Undefined Weak Reference
    __cxa_finalize                            - Undefined Weak Reference
    __decompress                              - Undefined Weak Reference
    _clock_init                               - Undefined Weak Reference
    _microlib_exit                            - Undefined Weak Reference
    __Vectors_Size                           0x000001ac   Number         0  startup_gd32f450_470.o ABSOLUTE
    __Vectors                                0x08000000   Data           4  startup_gd32f450_470.o(RESET)
    __Vectors_End                            0x080001ac   Data           0  startup_gd32f450_470.o(RESET)
    __main                                   0x080001ad   Thumb Code     0  entry.o(.ARM.Collect$$$$00000000)
    _main_stk                                0x080001ad   Thumb Code     0  entry2.o(.ARM.Collect$$$$00000001)
    _main_scatterload                        0x080001b1   Thumb Code     0  entry5.o(.ARM.Collect$$$$00000004)
    __main_after_scatterload                 0x080001b5   Thumb Code     0  entry5.o(.ARM.Collect$$$$00000004)
    _main_clock                              0x080001b5   Thumb Code     0  entry7b.o(.ARM.Collect$$$$00000008)
    _main_cpp_init                           0x080001b5   Thumb Code     0  entry8b.o(.ARM.Collect$$$$0000000A)
    _main_init                               0x080001b5   Thumb Code     0  entry9a.o(.ARM.Collect$$$$0000000B)
    __rt_lib_shutdown_fini                   0x080001bd   Thumb Code     0  entry12b.o(.ARM.Collect$$$$0000000E)
    __rt_final_cpp                           0x080001c1   Thumb Code     0  entry10a.o(.ARM.Collect$$$$0000000F)
    __rt_final_exit                          0x080001c1   Thumb Code     0  entry11a.o(.ARM.Collect$$$$00000011)
    Reset_Handler                            0x080001c5   Thumb Code     8  startup_gd32f450_470.o(.text)
    ADC_IRQHandler                           0x080001df   Thumb Code     0  startup_gd32f450_470.o(.text)
    CAN0_EWMC_IRQHandler                     0x080001df   Thumb Code     0  startup_gd32f450_470.o(.text)
    CAN0_RX0_IRQHandler                      0x080001df   Thumb Code     0  startup_gd32f450_470.o(.text)
    CAN0_RX1_IRQHandler                      0x080001df   Thumb Code     0  startup_gd32f450_470.o(.text)
    CAN0_TX_IRQHandler                       0x080001df   Thumb Code     0  startup_gd32f450_470.o(.text)
    CAN1_EWMC_IRQHandler                     0x080001df   Thumb Code     0  startup_gd32f450_470.o(.text)
    CAN1_RX0_IRQHandler                      0x080001df   Thumb Code     0  startup_gd32f450_470.o(.text)
    CAN1_RX1_IRQHandler                      0x080001df   Thumb Code     0  startup_gd32f450_470.o(.text)
    CAN1_TX_IRQHandler                       0x080001df   Thumb Code     0  startup_gd32f450_470.o(.text)
    DCI_IRQHandler                           0x080001df   Thumb Code     0  startup_gd32f450_470.o(.text)
    DMA0_Channel0_IRQHandler                 0x080001df   Thumb Code     0  startup_gd32f450_470.o(.text)
    DMA0_Channel1_IRQHandler                 0x080001df   Thumb Code     0  startup_gd32f450_470.o(.text)
    DMA0_Channel2_IRQHandler                 0x080001df   Thumb Code     0  startup_gd32f450_470.o(.text)
    DMA0_Channel3_IRQHandler                 0x080001df   Thumb Code     0  startup_gd32f450_470.o(.text)
    DMA0_Channel4_IRQHandler                 0x080001df   Thumb Code     0  startup_gd32f450_470.o(.text)
    DMA0_Channel5_IRQHandler                 0x080001df   Thumb Code     0  startup_gd32f450_470.o(.text)
    DMA0_Channel6_IRQHandler                 0x080001df   Thumb Code     0  startup_gd32f450_470.o(.text)
    DMA0_Channel7_IRQHandler                 0x080001df   Thumb Code     0  startup_gd32f450_470.o(.text)
    DMA1_Channel0_IRQHandler                 0x080001df   Thumb Code     0  startup_gd32f450_470.o(.text)
    DMA1_Channel1_IRQHandler                 0x080001df   Thumb Code     0  startup_gd32f450_470.o(.text)
    DMA1_Channel3_IRQHandler                 0x080001df   Thumb Code     0  startup_gd32f450_470.o(.text)
    DMA1_Channel4_IRQHandler                 0x080001df   Thumb Code     0  startup_gd32f450_470.o(.text)
    DMA1_Channel5_IRQHandler                 0x080001df   Thumb Code     0  startup_gd32f450_470.o(.text)
    DMA1_Channel6_IRQHandler                 0x080001df   Thumb Code     0  startup_gd32f450_470.o(.text)
    DMA1_Channel7_IRQHandler                 0x080001df   Thumb Code     0  startup_gd32f450_470.o(.text)
    ENET_IRQHandler                          0x080001df   Thumb Code     0  startup_gd32f450_470.o(.text)
    ENET_WKUP_IRQHandler                     0x080001df   Thumb Code     0  startup_gd32f450_470.o(.text)
    EXMC_IRQHandler                          0x080001df   Thumb Code     0  startup_gd32f450_470.o(.text)
    EXTI10_15_IRQHandler                     0x080001df   Thumb Code     0  startup_gd32f450_470.o(.text)
    EXTI1_IRQHandler                         0x080001df   Thumb Code     0  startup_gd32f450_470.o(.text)
    EXTI2_IRQHandler                         0x080001df   Thumb Code     0  startup_gd32f450_470.o(.text)
    EXTI3_IRQHandler                         0x080001df   Thumb Code     0  startup_gd32f450_470.o(.text)
    EXTI4_IRQHandler                         0x080001df   Thumb Code     0  startup_gd32f450_470.o(.text)
    EXTI5_9_IRQHandler                       0x080001df   Thumb Code     0  startup_gd32f450_470.o(.text)
    FMC_IRQHandler                           0x080001df   Thumb Code     0  startup_gd32f450_470.o(.text)
    FPU_IRQHandler                           0x080001df   Thumb Code     0  startup_gd32f450_470.o(.text)
    I2C0_ER_IRQHandler                       0x080001df   Thumb Code     0  startup_gd32f450_470.o(.text)
    I2C0_EV_IRQHandler                       0x080001df   Thumb Code     0  startup_gd32f450_470.o(.text)
    I2C1_ER_IRQHandler                       0x080001df   Thumb Code     0  startup_gd32f450_470.o(.text)
    I2C1_EV_IRQHandler                       0x080001df   Thumb Code     0  startup_gd32f450_470.o(.text)
    I2C2_ER_IRQHandler                       0x080001df   Thumb Code     0  startup_gd32f450_470.o(.text)
    I2C2_EV_IRQHandler                       0x080001df   Thumb Code     0  startup_gd32f450_470.o(.text)
    IPA_IRQHandler                           0x080001df   Thumb Code     0  startup_gd32f450_470.o(.text)
    LVD_IRQHandler                           0x080001df   Thumb Code     0  startup_gd32f450_470.o(.text)
    RCU_CTC_IRQHandler                       0x080001df   Thumb Code     0  startup_gd32f450_470.o(.text)
    RTC_Alarm_IRQHandler                     0x080001df   Thumb Code     0  startup_gd32f450_470.o(.text)
    RTC_WKUP_IRQHandler                      0x080001df   Thumb Code     0  startup_gd32f450_470.o(.text)
    SDIO_IRQHandler                          0x080001df   Thumb Code     0  startup_gd32f450_470.o(.text)
    SPI0_IRQHandler                          0x080001df   Thumb Code     0  startup_gd32f450_470.o(.text)
    SPI1_IRQHandler                          0x080001df   Thumb Code     0  startup_gd32f450_470.o(.text)
    SPI2_IRQHandler                          0x080001df   Thumb Code     0  startup_gd32f450_470.o(.text)
    SPI3_IRQHandler                          0x080001df   Thumb Code     0  startup_gd32f450_470.o(.text)
    SPI4_IRQHandler                          0x080001df   Thumb Code     0  startup_gd32f450_470.o(.text)
    SPI5_IRQHandler                          0x080001df   Thumb Code     0  startup_gd32f450_470.o(.text)
    TAMPER_STAMP_IRQHandler                  0x080001df   Thumb Code     0  startup_gd32f450_470.o(.text)
    TIMER0_BRK_TIMER8_IRQHandler             0x080001df   Thumb Code     0  startup_gd32f450_470.o(.text)
    TIMER0_Channel_IRQHandler                0x080001df   Thumb Code     0  startup_gd32f450_470.o(.text)
    TIMER0_TRG_CMT_TIMER10_IRQHandler        0x080001df   Thumb Code     0  startup_gd32f450_470.o(.text)
    TIMER0_UP_TIMER9_IRQHandler              0x080001df   Thumb Code     0  startup_gd32f450_470.o(.text)
    TIMER1_IRQHandler                        0x080001df   Thumb Code     0  startup_gd32f450_470.o(.text)
    TIMER2_IRQHandler                        0x080001df   Thumb Code     0  startup_gd32f450_470.o(.text)
    TIMER3_IRQHandler                        0x080001df   Thumb Code     0  startup_gd32f450_470.o(.text)
    TIMER4_IRQHandler                        0x080001df   Thumb Code     0  startup_gd32f450_470.o(.text)
    TIMER6_IRQHandler                        0x080001df   Thumb Code     0  startup_gd32f450_470.o(.text)
    TIMER7_BRK_TIMER11_IRQHandler            0x080001df   Thumb Code     0  startup_gd32f450_470.o(.text)
    TIMER7_Channel_IRQHandler                0x080001df   Thumb Code     0  startup_gd32f450_470.o(.text)
    TIMER7_TRG_CMT_TIMER13_IRQHandler        0x080001df   Thumb Code     0  startup_gd32f450_470.o(.text)
    TIMER7_UP_TIMER12_IRQHandler             0x080001df   Thumb Code     0  startup_gd32f450_470.o(.text)
    TLI_ER_IRQHandler                        0x080001df   Thumb Code     0  startup_gd32f450_470.o(.text)
    TLI_IRQHandler                           0x080001df   Thumb Code     0  startup_gd32f450_470.o(.text)
    TRNG_IRQHandler                          0x080001df   Thumb Code     0  startup_gd32f450_470.o(.text)
    UART3_IRQHandler                         0x080001df   Thumb Code     0  startup_gd32f450_470.o(.text)
    UART4_IRQHandler                         0x080001df   Thumb Code     0  startup_gd32f450_470.o(.text)
    UART6_IRQHandler                         0x080001df   Thumb Code     0  startup_gd32f450_470.o(.text)
    UART7_IRQHandler                         0x080001df   Thumb Code     0  startup_gd32f450_470.o(.text)
    USART1_IRQHandler                        0x080001df   Thumb Code     0  startup_gd32f450_470.o(.text)
    USART2_IRQHandler                        0x080001df   Thumb Code     0  startup_gd32f450_470.o(.text)
    USART5_IRQHandler                        0x080001df   Thumb Code     0  startup_gd32f450_470.o(.text)
    USBFS_IRQHandler                         0x080001df   Thumb Code     0  startup_gd32f450_470.o(.text)
    USBFS_WKUP_IRQHandler                    0x080001df   Thumb Code     0  startup_gd32f450_470.o(.text)
    USBHS_EP1_In_IRQHandler                  0x080001df   Thumb Code     0  startup_gd32f450_470.o(.text)
    USBHS_EP1_Out_IRQHandler                 0x080001df   Thumb Code     0  startup_gd32f450_470.o(.text)
    USBHS_IRQHandler                         0x080001df   Thumb Code     0  startup_gd32f450_470.o(.text)
    USBHS_WKUP_IRQHandler                    0x080001df   Thumb Code     0  startup_gd32f450_470.o(.text)
    WWDGT_IRQHandler                         0x080001df   Thumb Code     0  startup_gd32f450_470.o(.text)
    __aeabi_memset                           0x080001e9   Thumb Code    14  memseta.o(.text)
    __aeabi_memset4                          0x080001e9   Thumb Code     0  memseta.o(.text)
    __aeabi_memset8                          0x080001e9   Thumb Code     0  memseta.o(.text)
    __aeabi_memclr                           0x080001f7   Thumb Code     4  memseta.o(.text)
    __aeabi_memclr4                          0x080001f7   Thumb Code     0  memseta.o(.text)
    __aeabi_memclr8                          0x080001f7   Thumb Code     0  memseta.o(.text)
    _memset$wrapper                          0x080001fb   Thumb Code    18  memseta.o(.text)
    __aeabi_uidiv                            0x0800020d   Thumb Code     0  uidiv.o(.text)
    __aeabi_uidivmod                         0x0800020d   Thumb Code    44  uidiv.o(.text)
    __scatterload                            0x08000239   Thumb Code    28  init.o(.text)
    __scatterload_rt2                        0x08000239   Thumb Code     0  init.o(.text)
    BusFault_Handler                         0x0800025d   Thumb Code     4  gd32f4xx_it.o(i.BusFault_Handler)
    DMA1_Channel2_IRQHandler                 0x08000261   Thumb Code    28  bsp_dma.o(i.DMA1_Channel2_IRQHandler)
    DebugMon_Handler                         0x08000281   Thumb Code     2  gd32f4xx_it.o(i.DebugMon_Handler)
    EXTI0_IRQHandler                         0x08000285   Thumb Code    54  bsp_key.o(i.EXTI0_IRQHandler)
    HardFault_Handler                        0x080002e5   Thumb Code     4  gd32f4xx_it.o(i.HardFault_Handler)
    MemManage_Handler                        0x080002e9   Thumb Code     4  gd32f4xx_it.o(i.MemManage_Handler)
    NMI_Handler                              0x080002ed   Thumb Code     2  gd32f4xx_it.o(i.NMI_Handler)
    PendSV_Handler                           0x08000319   Thumb Code     2  gd32f4xx_it.o(i.PendSV_Handler)
    SVC_Handler                              0x0800031b   Thumb Code     2  gd32f4xx_it.o(i.SVC_Handler)
    SysTick_Handler                          0x0800031d   Thumb Code     8  gd32f4xx_it.o(i.SysTick_Handler)
    SystemInit                               0x08000325   Thumb Code   184  system_gd32f4xx.o(i.SystemInit)
    TIMER5_DAC_IRQHandler                    0x080003ed   Thumb Code    38  bsp_basic_timer.o(i.TIMER5_DAC_IRQHandler)
    USART0_IRQHandler                        0x08000435   Thumb Code    66  bsp_usart.o(i.USART0_IRQHandler)
    UsageFault_Handler                       0x08000491   Thumb Code     4  gd32f4xx_it.o(i.UsageFault_Handler)
    __0printf$3                              0x08000495   Thumb Code    22  printf3.o(i.__0printf$3)
    __1printf$3                              0x08000495   Thumb Code     0  printf3.o(i.__0printf$3)
    __2printf                                0x08000495   Thumb Code     0  printf3.o(i.__0printf$3)
    __scatterload_copy                       0x080004b5   Thumb Code    14  handlers.o(i.__scatterload_copy)
    __scatterload_null                       0x080004c3   Thumb Code     2  handlers.o(i.__scatterload_null)
    __scatterload_zeroinit                   0x080004c5   Thumb Code    14  handlers.o(i.__scatterload_zeroinit)
    delay_decrement                          0x0800068d   Thumb Code    18  systick.o(i.delay_decrement)
    dma_channel_disable                      0x080006a5   Thumb Code    32  gd32f4xx_dma.o(i.dma_channel_disable)
    dma_channel_enable                       0x080006c5   Thumb Code    32  gd32f4xx_dma.o(i.dma_channel_enable)
    dma_channel_subperipheral_select         0x080006e5   Thumb Code    38  gd32f4xx_dma.o(i.dma_channel_subperipheral_select)
    dma_config                               0x0800070d   Thumb Code   120  bsp_dma.o(i.dma_config)
    dma_deinit                               0x08000791   Thumb Code   164  gd32f4xx_dma.o(i.dma_deinit)
    dma_interrupt_enable                     0x08000835   Thumb Code    62  gd32f4xx_dma.o(i.dma_interrupt_enable)
    dma_interrupt_flag_clear                 0x08000873   Thumb Code    62  gd32f4xx_dma.o(i.dma_interrupt_flag_clear)
    dma_interrupt_flag_get                   0x080008b1   Thumb Code   516  gd32f4xx_dma.o(i.dma_interrupt_flag_get)
    dma_single_data_mode_init                0x08000ab5   Thumb Code   340  gd32f4xx_dma.o(i.dma_single_data_mode_init)
    dma_transfer_number_get                  0x08000c0d   Thumb Code    16  gd32f4xx_dma.o(i.dma_transfer_number_get)
    exti_init                                0x08000c1d   Thumb Code   184  gd32f4xx_exti.o(i.exti_init)
    exti_interrupt_enable                    0x08000cd9   Thumb Code    12  gd32f4xx_exti.o(i.exti_interrupt_enable)
    exti_interrupt_flag_clear                0x08000ce9   Thumb Code     6  gd32f4xx_exti.o(i.exti_interrupt_flag_clear)
    exti_interrupt_flag_get                  0x08000cf5   Thumb Code    32  gd32f4xx_exti.o(i.exti_interrupt_flag_get)
    fputc                                    0x08000d19   Thumb Code    16  bsp_usart.o(i.fputc)
    gpio_af_set                              0x08000d29   Thumb Code    94  gd32f4xx_gpio.o(i.gpio_af_set)
    gpio_bit_toggle                          0x08000d87   Thumb Code     4  gd32f4xx_gpio.o(i.gpio_bit_toggle)
    gpio_input_bit_get                       0x08000d8b   Thumb Code    16  gd32f4xx_gpio.o(i.gpio_input_bit_get)
    gpio_mode_set                            0x08000d9b   Thumb Code    78  gd32f4xx_gpio.o(i.gpio_mode_set)
    gpio_output_options_set                  0x08000de9   Thumb Code    66  gd32f4xx_gpio.o(i.gpio_output_options_set)
    key_gpio_config                          0x08000e2d   Thumb Code    72  bsp_key.o(i.key_gpio_config)
    led_gpio_config                          0x08000e79   Thumb Code    36  bsp_led.o(i.led_gpio_config)
    main                                     0x08000ea1   Thumb Code    88  main.o(i.main)
    nvic_irq_enable                          0x08000f3d   Thumb Code   186  gd32f4xx_misc.o(i.nvic_irq_enable)
    nvic_priority_group_set                  0x08001001   Thumb Code    10  gd32f4xx_misc.o(i.nvic_priority_group_set)
    rcu_clock_freq_get                       0x08001015   Thumb Code   264  gd32f4xx_rcu.o(i.rcu_clock_freq_get)
    rcu_periph_clock_enable                  0x08001139   Thumb Code    32  gd32f4xx_rcu.o(i.rcu_periph_clock_enable)
    rcu_periph_reset_disable                 0x0800115d   Thumb Code    32  gd32f4xx_rcu.o(i.rcu_periph_reset_disable)
    rcu_periph_reset_enable                  0x08001181   Thumb Code    32  gd32f4xx_rcu.o(i.rcu_periph_reset_enable)
    syscfg_exti_line_config                  0x080011a5   Thumb Code   166  gd32f4xx_syscfg.o(i.syscfg_exti_line_config)
    systick_config                           0x08001355   Thumb Code    74  systick.o(i.systick_config)
    timer_interrupt_flag_clear               0x080013a5   Thumb Code     6  gd32f4xx_timer.o(i.timer_interrupt_flag_clear)
    timer_interrupt_flag_get                 0x080013ab   Thumb Code    24  gd32f4xx_timer.o(i.timer_interrupt_flag_get)
    usart_baudrate_set                       0x080013c5   Thumb Code   224  gd32f4xx_usart.o(i.usart_baudrate_set)
    usart_data_receive                       0x080014ad   Thumb Code    10  gd32f4xx_usart.o(i.usart_data_receive)
    usart_data_transmit                      0x080014b7   Thumb Code     8  gd32f4xx_usart.o(i.usart_data_transmit)
    usart_deinit                             0x080014c1   Thumb Code   210  gd32f4xx_usart.o(i.usart_deinit)
    usart_dma_receive_config                 0x0800159d   Thumb Code    16  gd32f4xx_usart.o(i.usart_dma_receive_config)
    usart_enable                             0x080015ad   Thumb Code    10  gd32f4xx_usart.o(i.usart_enable)
    usart_flag_get                           0x080015b7   Thumb Code    30  gd32f4xx_usart.o(i.usart_flag_get)
    usart_gpio_config                        0x080015d5   Thumb Code   190  bsp_usart.o(i.usart_gpio_config)
    usart_interrupt_enable                   0x0800169d   Thumb Code    26  gd32f4xx_usart.o(i.usart_interrupt_enable)
    usart_interrupt_flag_get                 0x080016b7   Thumb Code    56  gd32f4xx_usart.o(i.usart_interrupt_flag_get)
    usart_parity_config                      0x080016ef   Thumb Code    16  gd32f4xx_usart.o(i.usart_parity_config)
    usart_receive_config                     0x080016ff   Thumb Code    16  gd32f4xx_usart.o(i.usart_receive_config)
    usart_send_data                          0x08001711   Thumb Code    28  bsp_usart.o(i.usart_send_data)
    usart_stop_bit_set                       0x08001731   Thumb Code    16  gd32f4xx_usart.o(i.usart_stop_bit_set)
    usart_transmit_config                    0x08001741   Thumb Code    16  gd32f4xx_usart.o(i.usart_transmit_config)
    usart_word_length_set                    0x08001751   Thumb Code    16  gd32f4xx_usart.o(i.usart_word_length_set)
    Region$$Table$$Base                      0x08001760   Number         0  anon$$obj.o(Region$$Table)
    Region$$Table$$Limit                     0x08001780   Number         0  anon$$obj.o(Region$$Table)
    SystemCoreClock                          0x20000004   Data           4  system_gd32f4xx.o(.data)
    g_recv_length                            0x20000008   Data           2  bsp_usart.o(.data)
    g_recv_complete_flag                     0x2000000a   Data           1  bsp_usart.o(.data)
    __stdout                                 0x2000000c   Data           4  stdout.o(.data)
    g_recv_buff                              0x20000010   Data        4096  bsp_usart.o(.bss)
    __initial_sp                             0x20001410   Data           0  startup_gd32f450_470.o(STACK)



==============================================================================

Memory Map of the image

  Image Entry point : 0x080001ad

  Load Region LR_IROM1 (Base: 0x08000000, Size: 0x00001790, Max: 0x00100000, ABSOLUTE)

    Execution Region ER_IROM1 (Exec base: 0x08000000, Load base: 0x08000000, Size: 0x00001780, Max: 0x00100000, ABSOLUTE)

    Exec Addr    Load Addr    Size         Type   Attr      Idx    E Section Name        Object

    0x08000000   0x08000000   0x000001ac   Data   RO          347    RESET               startup_gd32f450_470.o
    0x080001ac   0x080001ac   0x00000000   Code   RO         2145  * .ARM.Collect$$$$00000000  mc_w.l(entry.o)
    0x080001ac   0x080001ac   0x00000004   Code   RO         2411    .ARM.Collect$$$$00000001  mc_w.l(entry2.o)
    0x080001b0   0x080001b0   0x00000004   Code   RO         2414    .ARM.Collect$$$$00000004  mc_w.l(entry5.o)
    0x080001b4   0x080001b4   0x00000000   Code   RO         2416    .ARM.Collect$$$$00000008  mc_w.l(entry7b.o)
    0x080001b4   0x080001b4   0x00000000   Code   RO         2418    .ARM.Collect$$$$0000000A  mc_w.l(entry8b.o)
    0x080001b4   0x080001b4   0x00000008   Code   RO         2419    .ARM.Collect$$$$0000000B  mc_w.l(entry9a.o)
    0x080001bc   0x080001bc   0x00000004   Code   RO         2426    .ARM.Collect$$$$0000000E  mc_w.l(entry12b.o)
    0x080001c0   0x080001c0   0x00000000   Code   RO         2421    .ARM.Collect$$$$0000000F  mc_w.l(entry10a.o)
    0x080001c0   0x080001c0   0x00000000   Code   RO         2423    .ARM.Collect$$$$00000011  mc_w.l(entry11a.o)
    0x080001c0   0x080001c0   0x00000004   Code   RO         2412    .ARM.Collect$$$$00002712  mc_w.l(entry2.o)
    0x080001c4   0x080001c4   0x00000024   Code   RO          348    .text               startup_gd32f450_470.o
    0x080001e8   0x080001e8   0x00000024   Code   RO         2148    .text               mc_w.l(memseta.o)
    0x0800020c   0x0800020c   0x0000002c   Code   RO         2428    .text               mc_w.l(uidiv.o)
    0x08000238   0x08000238   0x00000024   Code   RO         2443    .text               mc_w.l(init.o)
    0x0800025c   0x0800025c   0x00000004   Code   RO          220    i.BusFault_Handler  gd32f4xx_it.o
    0x08000260   0x08000260   0x00000020   Code   RO          515    i.DMA1_Channel2_IRQHandler  bsp_dma.o
    0x08000280   0x08000280   0x00000002   Code   RO          221    i.DebugMon_Handler  gd32f4xx_it.o
    0x08000282   0x08000282   0x00000002   PAD
    0x08000284   0x08000284   0x00000060   Code   RO          425    i.EXTI0_IRQHandler  bsp_key.o
    0x080002e4   0x080002e4   0x00000004   Code   RO          222    i.HardFault_Handler  gd32f4xx_it.o
    0x080002e8   0x080002e8   0x00000004   Code   RO          223    i.MemManage_Handler  gd32f4xx_it.o
    0x080002ec   0x080002ec   0x00000002   Code   RO          224    i.NMI_Handler       gd32f4xx_it.o
    0x080002ee   0x080002ee   0x00000002   PAD
    0x080002f0   0x080002f0   0x00000028   Code   RO            3    i.NVIC_SetPriority  systick.o
    0x08000318   0x08000318   0x00000002   Code   RO          225    i.PendSV_Handler    gd32f4xx_it.o
    0x0800031a   0x0800031a   0x00000002   Code   RO          226    i.SVC_Handler       gd32f4xx_it.o
    0x0800031c   0x0800031c   0x00000008   Code   RO          227    i.SysTick_Handler   gd32f4xx_it.o
    0x08000324   0x08000324   0x000000c8   Code   RO          306    i.SystemInit        system_gd32f4xx.o
    0x080003ec   0x080003ec   0x00000048   Code   RO          457    i.TIMER5_DAC_IRQHandler  bsp_basic_timer.o
    0x08000434   0x08000434   0x0000005c   Code   RO          374    i.USART0_IRQHandler  bsp_usart.o
    0x08000490   0x08000490   0x00000004   Code   RO          228    i.UsageFault_Handler  gd32f4xx_it.o
    0x08000494   0x08000494   0x00000020   Code   RO         2239    i.__0printf$3       mc_w.l(printf3.o)
    0x080004b4   0x080004b4   0x0000000e   Code   RO         2455    i.__scatterload_copy  mc_w.l(handlers.o)
    0x080004c2   0x080004c2   0x00000002   Code   RO         2456    i.__scatterload_null  mc_w.l(handlers.o)
    0x080004c4   0x080004c4   0x0000000e   Code   RO         2457    i.__scatterload_zeroinit  mc_w.l(handlers.o)
    0x080004d2   0x080004d2   0x00000002   PAD
    0x080004d4   0x080004d4   0x000001b8   Code   RO         2246    i._printf_core      mc_w.l(printf3.o)
    0x0800068c   0x0800068c   0x00000018   Code   RO            5    i.delay_decrement   systick.o
    0x080006a4   0x080006a4   0x00000020   Code   RO         1935    i.dma_channel_disable  gd32f4xx_dma.o
    0x080006c4   0x080006c4   0x00000020   Code   RO         1936    i.dma_channel_enable  gd32f4xx_dma.o
    0x080006e4   0x080006e4   0x00000026   Code   RO         1937    i.dma_channel_subperipheral_select  gd32f4xx_dma.o
    0x0800070a   0x0800070a   0x00000002   PAD
    0x0800070c   0x0800070c   0x00000084   Code   RO          516    i.dma_config        bsp_dma.o
    0x08000790   0x08000790   0x000000a4   Code   RO         1940    i.dma_deinit        gd32f4xx_dma.o
    0x08000834   0x08000834   0x0000003e   Code   RO         1946    i.dma_interrupt_enable  gd32f4xx_dma.o
    0x08000872   0x08000872   0x0000003e   Code   RO         1947    i.dma_interrupt_flag_clear  gd32f4xx_dma.o
    0x080008b0   0x080008b0   0x00000204   Code   RO         1948    i.dma_interrupt_flag_get  gd32f4xx_dma.o
    0x08000ab4   0x08000ab4   0x00000158   Code   RO         1960    i.dma_single_data_mode_init  gd32f4xx_dma.o
    0x08000c0c   0x08000c0c   0x00000010   Code   RO         1966    i.dma_transfer_number_get  gd32f4xx_dma.o
    0x08000c1c   0x08000c1c   0x000000bc   Code   RO         1408    i.exti_init         gd32f4xx_exti.o
    0x08000cd8   0x08000cd8   0x00000010   Code   RO         1410    i.exti_interrupt_enable  gd32f4xx_exti.o
    0x08000ce8   0x08000ce8   0x0000000c   Code   RO         1411    i.exti_interrupt_flag_clear  gd32f4xx_exti.o
    0x08000cf4   0x08000cf4   0x00000024   Code   RO         1412    i.exti_interrupt_flag_get  gd32f4xx_exti.o
    0x08000d18   0x08000d18   0x00000010   Code   RO          375    i.fputc             bsp_usart.o
    0x08000d28   0x08000d28   0x0000005e   Code   RO          541    i.gpio_af_set       gd32f4xx_gpio.o
    0x08000d86   0x08000d86   0x00000004   Code   RO          544    i.gpio_bit_toggle   gd32f4xx_gpio.o
    0x08000d8a   0x08000d8a   0x00000010   Code   RO          547    i.gpio_input_bit_get  gd32f4xx_gpio.o
    0x08000d9a   0x08000d9a   0x0000004e   Code   RO          549    i.gpio_mode_set     gd32f4xx_gpio.o
    0x08000de8   0x08000de8   0x00000042   Code   RO          551    i.gpio_output_options_set  gd32f4xx_gpio.o
    0x08000e2a   0x08000e2a   0x00000002   PAD
    0x08000e2c   0x08000e2c   0x0000004c   Code   RO          426    i.key_gpio_config   bsp_key.o
    0x08000e78   0x08000e78   0x00000028   Code   RO          354    i.led_gpio_config   bsp_led.o
    0x08000ea0   0x08000ea0   0x0000009c   Code   RO          164    i.main              main.o
    0x08000f3c   0x08000f3c   0x000000c4   Code   RO         1286    i.nvic_irq_enable   gd32f4xx_misc.o
    0x08001000   0x08001000   0x00000014   Code   RO         1287    i.nvic_priority_group_set  gd32f4xx_misc.o
    0x08001014   0x08001014   0x00000124   Code   RO          654    i.rcu_clock_freq_get  gd32f4xx_rcu.o
    0x08001138   0x08001138   0x00000024   Code   RO          673    i.rcu_periph_clock_enable  gd32f4xx_rcu.o
    0x0800115c   0x0800115c   0x00000024   Code   RO          676    i.rcu_periph_reset_disable  gd32f4xx_rcu.o
    0x08001180   0x08001180   0x00000024   Code   RO          677    i.rcu_periph_reset_enable  gd32f4xx_rcu.o
    0x080011a4   0x080011a4   0x000000ac   Code   RO         1346    i.syscfg_exti_line_config  gd32f4xx_syscfg.o
    0x08001250   0x08001250   0x000000fc   Code   RO          307    i.system_clock_240m_25m_hxtal  system_gd32f4xx.o
    0x0800134c   0x0800134c   0x00000008   Code   RO          308    i.system_clock_config  system_gd32f4xx.o
    0x08001354   0x08001354   0x00000050   Code   RO            6    i.systick_config    systick.o
    0x080013a4   0x080013a4   0x00000006   Code   RO         1544    i.timer_interrupt_flag_clear  gd32f4xx_timer.o
    0x080013aa   0x080013aa   0x00000018   Code   RO         1545    i.timer_interrupt_flag_get  gd32f4xx_timer.o
    0x080013c2   0x080013c2   0x00000002   PAD
    0x080013c4   0x080013c4   0x000000e8   Code   RO          942    i.usart_baudrate_set  gd32f4xx_usart.o
    0x080014ac   0x080014ac   0x0000000a   Code   RO          946    i.usart_data_receive  gd32f4xx_usart.o
    0x080014b6   0x080014b6   0x00000008   Code   RO          947    i.usart_data_transmit  gd32f4xx_usart.o
    0x080014be   0x080014be   0x00000002   PAD
    0x080014c0   0x080014c0   0x000000dc   Code   RO          948    i.usart_deinit      gd32f4xx_usart.o
    0x0800159c   0x0800159c   0x00000010   Code   RO          950    i.usart_dma_receive_config  gd32f4xx_usart.o
    0x080015ac   0x080015ac   0x0000000a   Code   RO          952    i.usart_enable      gd32f4xx_usart.o
    0x080015b6   0x080015b6   0x0000001e   Code   RO          954    i.usart_flag_get    gd32f4xx_usart.o
    0x080015d4   0x080015d4   0x000000c8   Code   RO          376    i.usart_gpio_config  bsp_usart.o
    0x0800169c   0x0800169c   0x0000001a   Code   RO          962    i.usart_interrupt_enable  gd32f4xx_usart.o
    0x080016b6   0x080016b6   0x00000038   Code   RO          964    i.usart_interrupt_flag_get  gd32f4xx_usart.o
    0x080016ee   0x080016ee   0x00000010   Code   RO          977    i.usart_parity_config  gd32f4xx_usart.o
    0x080016fe   0x080016fe   0x00000010   Code   RO          979    i.usart_receive_config  gd32f4xx_usart.o
    0x0800170e   0x0800170e   0x00000002   PAD
    0x08001710   0x08001710   0x00000020   Code   RO          377    i.usart_send_data   bsp_usart.o
    0x08001730   0x08001730   0x00000010   Code   RO          990    i.usart_stop_bit_set  gd32f4xx_usart.o
    0x08001740   0x08001740   0x00000010   Code   RO          994    i.usart_transmit_config  gd32f4xx_usart.o
    0x08001750   0x08001750   0x00000010   Code   RO          995    i.usart_word_length_set  gd32f4xx_usart.o
    0x08001760   0x08001760   0x00000020   Data   RO         2453    Region$$Table       anon$$obj.o


    Execution Region RW_IRAM1 (Exec base: 0x20000000, Load base: 0x08001780, Size: 0x00001410, Max: 0x00070000, ABSOLUTE)

    Exec Addr    Load Addr    Size         Type   Attr      Idx    E Section Name        Object

    0x20000000   0x08001780   0x00000004   Data   RW            7    .data               systick.o
    0x20000004   0x08001784   0x00000004   Data   RW          309    .data               system_gd32f4xx.o
    0x20000008   0x08001788   0x00000003   Data   RW          380    .data               bsp_usart.o
    0x2000000b   0x0800178b   0x00000001   PAD
    0x2000000c   0x0800178c   0x00000004   Data   RW         2427    .data               mc_w.l(stdout.o)
    0x20000010        -       0x00001000   Zero   RW          379    .bss                bsp_usart.o
    0x20001010        -       0x00000400   Zero   RW          345    STACK               startup_gd32f450_470.o


==============================================================================

Image component sizes


      Code (inc. data)   RO Data    RW Data    ZI Data      Debug   Object Name

        72         34          0          0          0        676   bsp_basic_timer.o
       164         16          0          0          0       1392   bsp_dma.o
       172         46          0          0          0       1309   bsp_key.o
        40          4          0          0          0        638   bsp_led.o
       340         40          0          3       4096       3907   bsp_usart.o
      1266          4          0          0          0       8552   gd32f4xx_dma.o
       252         18          0          0          0       3246   gd32f4xx_exti.o
       258          0          0          0          0       4515   gd32f4xx_gpio.o
        32          0          0          0          0       5390   gd32f4xx_it.o
       216         20          0          0          0       1784   gd32f4xx_misc.o
       400         40          0          0          0       4308   gd32f4xx_rcu.o
       172          6          0          0          0        934   gd32f4xx_syscfg.o
        30          0          0          0          0       1688   gd32f4xx_timer.o
       688         18          0          0          0      11596   gd32f4xx_usart.o
       156         68          0          0          0       1939   main.o
        36          8        428          0       1024        988   startup_gd32f450_470.o
       460         28          0          4          0       3463   system_gd32f4xx.o
       144         20          0          4          0      84754   systick.o

    ----------------------------------------------------------------------
      4912        370        460         12       5120     141079   Object Totals
         0          0         32          0          0          0   (incl. Generated)
        14          0          0          1          0          0   (incl. Padding)

    ----------------------------------------------------------------------

      Code (inc. data)   RO Data    RW Data    ZI Data      Debug   Library Member Name

         0          0          0          0          0          0   entry.o
         0          0          0          0          0          0   entry10a.o
         0          0          0          0          0          0   entry11a.o
         4          0          0          0          0          0   entry12b.o
         8          4          0          0          0          0   entry2.o
         4          0          0          0          0          0   entry5.o
         0          0          0          0          0          0   entry7b.o
         0          0          0          0          0          0   entry8b.o
         8          4          0          0          0          0   entry9a.o
        30          0          0          0          0          0   handlers.o
        36          8          0          0          0         68   init.o
        36          0          0          0          0        108   memseta.o
       472         14          0          0          0        184   printf3.o
         0          0          0          4          0          0   stdout.o
        44          0          0          0          0         80   uidiv.o

    ----------------------------------------------------------------------
       644         30          0          4          0        440   Library Totals
         2          0          0          0          0          0   (incl. Padding)

    ----------------------------------------------------------------------

      Code (inc. data)   RO Data    RW Data    ZI Data      Debug   Library Name

       642         30          0          4          0        440   mc_w.l

    ----------------------------------------------------------------------
       644         30          0          4          0        440   Library Totals

    ----------------------------------------------------------------------

==============================================================================


      Code (inc. data)   RO Data    RW Data    ZI Data      Debug   

      5556        400        460         16       5120     135419   Grand Totals
      5556        400        460         16       5120     135419   ELF Image Totals
      5556        400        460         16          0          0   ROM Totals

==============================================================================

    Total RO  Size (Code + RO Data)                 6016 (   5.88kB)
    Total RW  Size (RW Data + ZI Data)              5136 (   5.02kB)
    Total ROM Size (Code + RO Data + RW Data)       6032 (   5.89kB)

==============================================================================

