<html>
<body>
<pre>
<h1>礦ision Build Log</h1>
<h2>Tool Versions:</h2>
IDE-Version: μVision V5.38.0.0
Copyright (C) 2022 ARM Ltd and ARM Germany GmbH. All rights reserved.
License Information: 12· win, 1465, LIC=0YKKK-IBE7D-MB6ED-L3FMA-3FT8E-5CIH8
 
Tool Versions:
Toolchain:       MDK-ARM Community  Version: 5.38.0.0
Toolchain Path:  D:\0_tool_program\1_keil\core\ARM\ARMCC\Bin
C Compiler:      Armcc.exe V5.06 update 7 (build 960)
Assembler:       Armasm.exe V5.06 update 7 (build 960)
Linker/Locator:  ArmLink.exe V5.06 update 7 (build 960)
Library Manager: ArmAr.exe V5.06 update 7 (build 960)
Hex Converter:   FromElf.exe V5.06 update 7 (build 960)
CPU DLL:         SARMCM3.DLL V5.38.0.0
Dialog DLL:      DCM.DLL V1.17.5.0
Target DLL:      CMSIS_AGDI.dll V1.33.15.0
Dialog DLL:      TCM.DLL V1.56.4.0
 
<h2>Project:</h2>
C:\Users\win\Desktop\1_梁山派资料\1_立创官方资料包\资源包\04软件资料\04软件资料\代码例程-视频注释版-GD32F470版\006按键点灯\Project\GD32F470.uvprojx
Project File Date:  08/04/2023

<h2>Output:</h2>
*** Using Compiler 'V5.06 update 7 (build 960)', folder: 'D:\0_tool_program\1_keil\core\ARM\ARMCC\Bin'
Build target 'GD32F470'
assembling startup_gd32f450_470.s...
compiling bsp_led.c...
..\Hardware\led\bsp_led.h(14): warning:  #1-D: last line of file ends without a newline
  #endif /* BSP_LED_H */
..\Hardware\led\bsp_led.c(18): warning:  #1-D: last line of file ends without a newline
  }
..\Hardware\led\bsp_led.c: 2 warnings, 0 errors
compiling bsp_key.c...
..\Hardware\key\bsp_key.h(14): warning:  #1-D: last line of file ends without a newline
  #endif  /* BSP_KEY_H */
..\User\sys.h(15): warning:  #1-D: last line of file ends without a newline
  #endif  /* SYS_H */
..\Hardware\led\bsp_led.h(14): warning:  #1-D: last line of file ends without a newline
  #endif /* BSP_LED_H */
..\Hardware\key\bsp_key.c(53): warning:  #1-D: last line of file ends without a newline
  }
..\Hardware\key\bsp_key.c: 4 warnings, 0 errors
compiling systick.c...
compiling system_gd32f4xx.c...
compiling sys.c...
..\User\sys.h(15): warning:  #1-D: last line of file ends without a newline
  #endif  /* SYS_H */
..\User\sys.c: 1 warning, 0 errors
compiling main.c...
..\Hardware\led\bsp_led.h(14): warning:  #1-D: last line of file ends without a newline
  #endif /* BSP_LED_H */
..\User\sys.h(15): warning:  #1-D: last line of file ends without a newline
  #endif  /* SYS_H */
..\Hardware\usart\bsp_usart.h(24): warning:  #1-D: last line of file ends without a newline
  #endif  /* BSP_USART_H */
..\Hardware\key\bsp_key.h(14): warning:  #1-D: last line of file ends without a newline
  #endif  /* BSP_KEY_H */
..\User\main.c(35): warning:  #177-D: variable "uicount"  was declared but never referenced
  	  uint16_t uicount = 0;
..\User\main.c(36): warning:  #177-D: variable "fcount"  was declared but never referenced
  	  float fcount = 0.0;
..\User\main.c: 6 warnings, 0 errors
compiling gd32f4xx_it.c...
compiling bsp_usart.c...
..\Hardware\usart\bsp_usart.h(24): warning:  #1-D: last line of file ends without a newline
  #endif  /* BSP_USART_H */
..\Hardware\usart\bsp_usart.c: 1 warning, 0 errors
compiling gd32f4xx_gpio.c...
compiling gd32f4xx_usart.c...
compiling gd32f4xx_rcu.c...
linking...
Program Size: Code=2484 RO-data=460 RW-data=12 ZI-data=1028  
FromELF: creating hex file...
".\Objects\GD32F470.axf" - 0 Error(s), 14 Warning(s).

<h2>Software Packages used:</h2>

Package Vendor: GigaDevice
                https://gd32mcu.com/data/documents/pack/GigaDevice.GD32F4xx_DFP.3.0.4.pack
                GigaDevice.GD32F4xx_DFP.3.0.4
                GigaDevice GD32F4xx Series Device Support and Examples

<h2>Collection of Component include folders:</h2>
  D:/0_tool_program/1_keil/pack/GigaDevice/GD32F4xx_DFP/3.0.4/Device/F4XX/Include

<h2>Collection of Component Files used:</h2>
Build Time Elapsed:  00:00:01
</pre>
</body>
</html>
